[2025-01-23T13:04:07.476-0500][gc,init] CardTable entry size: 512
[2025-01-23T13:04:07.476-0500][gc     ] Using G1
[2025-01-23T13:04:07.477-0500][gc,init] Version: 23.0.2+7-58 (release)
[2025-01-23T13:04:07.477-0500][gc,init] CPUs: 14 total, 14 available
[2025-01-23T13:04:07.477-0500][gc,init] Memory: 24576M
[2025-01-23T13:04:07.477-0500][gc,init] Large Page Support: Disabled
[2025-01-23T13:04:07.477-0500][gc,init] NUMA Support: Disabled
[2025-01-23T13:04:07.477-0500][gc,init] Compressed Oops: Enabled (Zero based)
[2025-01-23T13:04:07.477-0500][gc,init] Heap Region Size: 1M
[2025-01-23T13:04:07.477-0500][gc,init] Heap Min Capacity: 1G
[2025-01-23T13:04:07.477-0500][gc,init] Heap Initial Capacity: 1G
[2025-01-23T13:04:07.477-0500][gc,init] Heap Max Capacity: 1G
[2025-01-23T13:04:07.477-0500][gc,init] Pre-touch: Disabled
[2025-01-23T13:04:07.477-0500][gc,init] Parallel Workers: 11
[2025-01-23T13:04:07.477-0500][gc,init] Concurrent Workers: 3
[2025-01-23T13:04:07.477-0500][gc,init] Concurrent Refinement Workers: 11
[2025-01-23T13:04:07.477-0500][gc,init] Periodic GC: Disabled
[2025-01-23T13:04:07.479-0500][gc,metaspace] CDS archive(s) mapped at: [0x000007e000000000-0x000007e000d94000-0x000007e000d94000), size 14237696, SharedBaseAddress: 0x000007e000000000, ArchiveRelocationMode: 1.
[2025-01-23T13:04:07.479-0500][gc,metaspace] Compressed class space mapped at: 0x000007e001000000-0x000007e041000000, reserved size: 1073741824
[2025-01-23T13:04:07.479-0500][gc,metaspace] Narrow klass base: 0x000007e000000000, Narrow klass shift: 0, Narrow klass range: 0x100000000
[2025-01-23T13:04:07.966-0500][gc,start    ] GC(0) Pause Young (Normal) (G1 Evacuation Pause)
[2025-01-23T13:04:07.966-0500][gc,task     ] GC(0) Using 11 workers of 11 for evacuation
[2025-01-23T13:04:07.968-0500][gc,phases   ] GC(0)   Pre Evacuate Collection Set: 0.10ms
[2025-01-23T13:04:07.968-0500][gc,phases   ] GC(0)   Merge Heap Roots: 0.05ms
[2025-01-23T13:04:07.968-0500][gc,phases   ] GC(0)   Evacuate Collection Set: 1.76ms
[2025-01-23T13:04:07.968-0500][gc,phases   ] GC(0)   Post Evacuate Collection Set: 0.18ms
[2025-01-23T13:04:07.968-0500][gc,phases   ] GC(0)   Other: 0.22ms
[2025-01-23T13:04:07.968-0500][gc,heap     ] GC(0) Eden regions: 51->0(44)
[2025-01-23T13:04:07.968-0500][gc,heap     ] GC(0) Survivor regions: 0->7(7)
[2025-01-23T13:04:07.968-0500][gc,heap     ] GC(0) Old regions: 2->4
[2025-01-23T13:04:07.968-0500][gc,heap     ] GC(0) Humongous regions: 0->0
[2025-01-23T13:04:07.968-0500][gc,metaspace] GC(0) Metaspace: 16960K(17216K)->16960K(17216K) NonClass: 14908K(15040K)->14908K(15040K) Class: 2051K(2176K)->2051K(2176K)
[2025-01-23T13:04:07.968-0500][gc          ] GC(0) Pause Young (Normal) (G1 Evacuation Pause) 52M->9M(1024M) 2.440ms
[2025-01-23T13:04:07.968-0500][gc,cpu      ] GC(0) User=0.01s Sys=0.01s Real=0.00s
[2025-01-23T13:04:08.080-0500][gc,start    ] GC(1) Pause Young (Concurrent Start) (Metadata GC Threshold)
[2025-01-23T13:04:08.080-0500][gc,task     ] GC(1) Using 11 workers of 11 for evacuation
[2025-01-23T13:04:08.081-0500][gc,phases   ] GC(1)   Pre Evacuate Collection Set: 0.10ms
[2025-01-23T13:04:08.081-0500][gc,phases   ] GC(1)   Merge Heap Roots: 0.04ms
[2025-01-23T13:04:08.081-0500][gc,phases   ] GC(1)   Evacuate Collection Set: 0.89ms
[2025-01-23T13:04:08.081-0500][gc,phases   ] GC(1)   Post Evacuate Collection Set: 0.18ms
[2025-01-23T13:04:08.081-0500][gc,phases   ] GC(1)   Other: 0.05ms
[2025-01-23T13:04:08.081-0500][gc,heap     ] GC(1) Eden regions: 18->0(49)
[2025-01-23T13:04:08.081-0500][gc,heap     ] GC(1) Survivor regions: 7->2(7)
[2025-01-23T13:04:08.081-0500][gc,heap     ] GC(1) Old regions: 4->11
[2025-01-23T13:04:08.081-0500][gc,heap     ] GC(1) Humongous regions: 0->0
[2025-01-23T13:04:08.081-0500][gc,metaspace] GC(1) Metaspace: 21297K(21504K)->21297K(21504K) NonClass: 18697K(18816K)->18697K(18816K) Class: 2599K(2688K)->2599K(2688K)
[2025-01-23T13:04:08.081-0500][gc          ] GC(1) Pause Young (Concurrent Start) (Metadata GC Threshold) 27M->10M(1024M) 1.352ms
[2025-01-23T13:04:08.081-0500][gc,cpu      ] GC(1) User=0.01s Sys=0.00s Real=0.00s
[2025-01-23T13:04:08.081-0500][gc          ] GC(2) Concurrent Mark Cycle
[2025-01-23T13:04:08.081-0500][gc,marking  ] GC(2) Concurrent Scan Root Regions
[2025-01-23T13:04:08.082-0500][gc,marking  ] GC(2) Concurrent Scan Root Regions 0.550ms
[2025-01-23T13:04:08.082-0500][gc,marking  ] GC(2) Concurrent Mark
[2025-01-23T13:04:08.082-0500][gc,marking  ] GC(2) Concurrent Mark From Roots
[2025-01-23T13:04:08.082-0500][gc,task     ] GC(2) Using 3 workers of 3 for marking
[2025-01-23T13:04:08.082-0500][gc,marking  ] GC(2) Concurrent Mark From Roots 0.702ms
[2025-01-23T13:04:08.082-0500][gc,marking  ] GC(2) Concurrent Preclean
[2025-01-23T13:04:08.082-0500][gc,marking  ] GC(2) Concurrent Preclean 0.005ms
[2025-01-23T13:04:08.082-0500][gc,start    ] GC(2) Pause Remark
[2025-01-23T13:04:08.083-0500][gc          ] GC(2) Pause Remark 11M->11M(1024M) 0.761ms
[2025-01-23T13:04:08.083-0500][gc,cpu      ] GC(2) User=0.00s Sys=0.00s Real=0.00s
[2025-01-23T13:04:08.083-0500][gc,marking  ] GC(2) Concurrent Mark 1.549ms
[2025-01-23T13:04:08.083-0500][gc,marking  ] GC(2) Concurrent Rebuild Remembered Sets and Scrub Regions
[2025-01-23T13:04:08.084-0500][gc,marking  ] GC(2) Concurrent Rebuild Remembered Sets and Scrub Regions 0.582ms
[2025-01-23T13:04:08.084-0500][gc,start    ] GC(2) Pause Cleanup
[2025-01-23T13:04:08.084-0500][gc          ] GC(2) Pause Cleanup 11M->11M(1024M) 0.017ms
[2025-01-23T13:04:08.084-0500][gc,cpu      ] GC(2) User=0.00s Sys=0.00s Real=0.00s
[2025-01-23T13:04:08.084-0500][gc,marking  ] GC(2) Concurrent Clear Claimed Marks
[2025-01-23T13:04:08.084-0500][gc,marking  ] GC(2) Concurrent Clear Claimed Marks 0.030ms
[2025-01-23T13:04:08.084-0500][gc,marking  ] GC(2) Concurrent Cleanup for Next Mark
[2025-01-23T13:04:08.085-0500][gc,marking  ] GC(2) Concurrent Cleanup for Next Mark 0.965ms
[2025-01-23T13:04:08.085-0500][gc          ] GC(2) Concurrent Mark Cycle 3.816ms
[2025-01-23T13:04:08.311-0500][gc,start    ] GC(3) Pause Young (Prepare Mixed) (G1 Evacuation Pause)
[2025-01-23T13:04:08.311-0500][gc,task     ] GC(3) Using 11 workers of 11 for evacuation
[2025-01-23T13:04:08.314-0500][gc,phases   ] GC(3)   Pre Evacuate Collection Set: 0.19ms
[2025-01-23T13:04:08.314-0500][gc,phases   ] GC(3)   Merge Heap Roots: 0.07ms
[2025-01-23T13:04:08.314-0500][gc,phases   ] GC(3)   Evacuate Collection Set: 2.08ms
[2025-01-23T13:04:08.314-0500][gc,phases   ] GC(3)   Post Evacuate Collection Set: 0.18ms
[2025-01-23T13:04:08.314-0500][gc,phases   ] GC(3)   Other: 0.04ms
[2025-01-23T13:04:08.314-0500][gc,heap     ] GC(3) Eden regions: 49->0(44)
[2025-01-23T13:04:08.314-0500][gc,heap     ] GC(3) Survivor regions: 2->7(7)
[2025-01-23T13:04:08.314-0500][gc,heap     ] GC(3) Old regions: 11->11
[2025-01-23T13:04:08.314-0500][gc,heap     ] GC(3) Humongous regions: 129->129
[2025-01-23T13:04:08.314-0500][gc,metaspace] GC(3) Metaspace: 32493K(32768K)->32493K(32768K) NonClass: 28867K(29056K)->28867K(29056K) Class: 3626K(3712K)->3626K(3712K)
[2025-01-23T13:04:08.314-0500][gc          ] GC(3) Pause Young (Prepare Mixed) (G1 Evacuation Pause) 188M->144M(1024M) 2.779ms
[2025-01-23T13:04:08.314-0500][gc,cpu      ] GC(3) User=0.01s Sys=0.00s Real=0.00s
[2025-01-23T13:04:08.456-0500][gc,start    ] GC(4) Pause Young (Mixed) (Metadata GC Threshold)
[2025-01-23T13:04:08.456-0500][gc,task     ] GC(4) Using 11 workers of 11 for evacuation
[2025-01-23T13:04:08.457-0500][gc,phases   ] GC(4)   Pre Evacuate Collection Set: 0.14ms
[2025-01-23T13:04:08.457-0500][gc,phases   ] GC(4)   Merge Heap Roots: 0.04ms
[2025-01-23T13:04:08.457-0500][gc,phases   ] GC(4)   Evacuate Collection Set: 1.23ms
[2025-01-23T13:04:08.457-0500][gc,phases   ] GC(4)   Post Evacuate Collection Set: 0.21ms
[2025-01-23T13:04:08.457-0500][gc,phases   ] GC(4)   Other: 0.05ms
[2025-01-23T13:04:08.457-0500][gc,heap     ] GC(4) Eden regions: 14->0(49)
[2025-01-23T13:04:08.457-0500][gc,heap     ] GC(4) Survivor regions: 7->2(7)
[2025-01-23T13:04:08.457-0500][gc,heap     ] GC(4) Old regions: 11->16
[2025-01-23T13:04:08.457-0500][gc,heap     ] GC(4) Humongous regions: 129->129
[2025-01-23T13:04:08.457-0500][gc,metaspace] GC(4) Metaspace: 35830K(36096K)->35830K(36096K) NonClass: 31743K(31872K)->31743K(31872K) Class: 4086K(4224K)->4086K(4224K)
[2025-01-23T13:04:08.457-0500][gc          ] GC(4) Pause Young (Mixed) (Metadata GC Threshold) 158M->145M(1024M) 1.763ms
[2025-01-23T13:04:08.457-0500][gc,cpu      ] GC(4) User=0.02s Sys=0.00s Real=0.00s
[2025-01-23T13:04:08.463-0500][gc,start    ] GC(5) Pause Young (Concurrent Start) (Metadata GC Threshold)
[2025-01-23T13:04:08.463-0500][gc,task     ] GC(5) Using 11 workers of 11 for evacuation
[2025-01-23T13:04:08.464-0500][gc,phases   ] GC(5)   Pre Evacuate Collection Set: 0.16ms
[2025-01-23T13:04:08.464-0500][gc,phases   ] GC(5)   Merge Heap Roots: 0.04ms
[2025-01-23T13:04:08.464-0500][gc,phases   ] GC(5)   Evacuate Collection Set: 0.31ms
[2025-01-23T13:04:08.464-0500][gc,phases   ] GC(5)   Post Evacuate Collection Set: 0.16ms
[2025-01-23T13:04:08.464-0500][gc,phases   ] GC(5)   Other: 0.04ms
[2025-01-23T13:04:08.464-0500][gc,heap     ] GC(5) Eden regions: 1->0(50)
[2025-01-23T13:04:08.464-0500][gc,heap     ] GC(5) Survivor regions: 2->1(7)
[2025-01-23T13:04:08.464-0500][gc,heap     ] GC(5) Old regions: 16->16
[2025-01-23T13:04:08.464-0500][gc,heap     ] GC(5) Humongous regions: 129->129
[2025-01-23T13:04:08.464-0500][gc,metaspace] GC(5) Metaspace: 36092K(36416K)->36092K(36416K) NonClass: 31973K(32128K)->31973K(32128K) Class: 4119K(4288K)->4119K(4288K)
[2025-01-23T13:04:08.464-0500][gc          ] GC(5) Pause Young (Concurrent Start) (Metadata GC Threshold) 146M->145M(1024M) 0.785ms
[2025-01-23T13:04:08.464-0500][gc,cpu      ] GC(5) User=0.00s Sys=0.00s Real=0.00s
[2025-01-23T13:04:08.464-0500][gc          ] GC(6) Concurrent Mark Cycle
[2025-01-23T13:04:08.464-0500][gc,marking  ] GC(6) Concurrent Scan Root Regions
[2025-01-23T13:04:08.465-0500][gc,marking  ] GC(6) Concurrent Scan Root Regions 0.474ms
[2025-01-23T13:04:08.465-0500][gc,marking  ] GC(6) Concurrent Mark
[2025-01-23T13:04:08.465-0500][gc,marking  ] GC(6) Concurrent Mark From Roots
[2025-01-23T13:04:08.465-0500][gc,task     ] GC(6) Using 3 workers of 3 for marking
[2025-01-23T13:04:08.468-0500][gc,marking  ] GC(6) Concurrent Mark From Roots 3.201ms
[2025-01-23T13:04:08.468-0500][gc,marking  ] GC(6) Concurrent Preclean
[2025-01-23T13:04:08.468-0500][gc,marking  ] GC(6) Concurrent Preclean 0.022ms
[2025-01-23T13:04:08.468-0500][gc,start    ] GC(6) Pause Remark
[2025-01-23T13:04:08.469-0500][gc          ] GC(6) Pause Remark 145M->145M(1024M) 0.798ms
[2025-01-23T13:04:08.469-0500][gc,cpu      ] GC(6) User=0.01s Sys=0.00s Real=0.00s
[2025-01-23T13:04:08.469-0500][gc,marking  ] GC(6) Concurrent Mark 4.117ms
[2025-01-23T13:04:08.469-0500][gc,marking  ] GC(6) Concurrent Rebuild Remembered Sets and Scrub Regions
[2025-01-23T13:04:08.470-0500][gc,marking  ] GC(6) Concurrent Rebuild Remembered Sets and Scrub Regions 1.358ms
[2025-01-23T13:04:08.470-0500][gc,start    ] GC(6) Pause Cleanup
[2025-01-23T13:04:08.470-0500][gc          ] GC(6) Pause Cleanup 146M->146M(1024M) 0.014ms
[2025-01-23T13:04:08.470-0500][gc,cpu      ] GC(6) User=0.00s Sys=0.00s Real=0.00s
[2025-01-23T13:04:08.470-0500][gc,marking  ] GC(6) Concurrent Clear Claimed Marks
[2025-01-23T13:04:08.470-0500][gc,marking  ] GC(6) Concurrent Clear Claimed Marks 0.013ms
[2025-01-23T13:04:08.470-0500][gc,marking  ] GC(6) Concurrent Cleanup for Next Mark
[2025-01-23T13:04:08.470-0500][gc,marking  ] GC(6) Concurrent Cleanup for Next Mark 0.198ms
[2025-01-23T13:04:08.470-0500][gc          ] GC(6) Concurrent Mark Cycle 6.276ms
[2025-01-23T14:26:41.518-0500][gc,heap,exit] Heap
[2025-01-23T14:26:41.518-0500][gc,heap,exit]  garbage-first heap   total reserved 1048576K, committed 1048576K, used 194759K [0x00000007c0000000, 0x0000000800000000)
[2025-01-23T14:26:41.518-0500][gc,heap,exit]   region size 1024K, 46 young (47104K), 1 survivors (1024K)
[2025-01-23T14:26:41.518-0500][gc,heap,exit]  Metaspace       used 38355K, committed 38656K, reserved 1114112K
[2025-01-23T14:26:41.518-0500][gc,heap,exit]   class space    used 4447K, committed 4608K, reserved 1048576K
