[2025-01-23T14:29:33.982-0500][gc,init] CardTable entry size: 512
[2025-01-23T14:29:33.982-0500][gc     ] Using G1
[2025-01-23T14:29:33.983-0500][gc,init] Version: 23.0.2+7-58 (release)
[2025-01-23T14:29:33.983-0500][gc,init] CPUs: 14 total, 14 available
[2025-01-23T14:29:33.983-0500][gc,init] Memory: 24576M
[2025-01-23T14:29:33.983-0500][gc,init] Large Page Support: Disabled
[2025-01-23T14:29:33.983-0500][gc,init] NUMA Support: Disabled
[2025-01-23T14:29:33.983-0500][gc,init] Compressed Oops: Enabled (Zero based)
[2025-01-23T14:29:33.983-0500][gc,init] Heap Region Size: 1M
[2025-01-23T14:29:33.983-0500][gc,init] Heap Min Capacity: 1G
[2025-01-23T14:29:33.983-0500][gc,init] Heap Initial Capacity: 1G
[2025-01-23T14:29:33.983-0500][gc,init] Heap Max Capacity: 1G
[2025-01-23T14:29:33.983-0500][gc,init] Pre-touch: Disabled
[2025-01-23T14:29:33.983-0500][gc,init] Parallel Workers: 11
[2025-01-23T14:29:33.983-0500][gc,init] Concurrent Workers: 3
[2025-01-23T14:29:33.983-0500][gc,init] Concurrent Refinement Workers: 11
[2025-01-23T14:29:33.983-0500][gc,init] Periodic GC: Disabled
[2025-01-23T14:29:33.985-0500][gc,metaspace] CDS archive(s) mapped at: [0x000007fe00000000-0x000007fe00d94000-0x000007fe00d94000), size 14237696, SharedBaseAddress: 0x000007fe00000000, ArchiveRelocationMode: 1.
[2025-01-23T14:29:33.985-0500][gc,metaspace] Compressed class space mapped at: 0x000007fe01000000-0x000007fe41000000, reserved size: 1073741824
[2025-01-23T14:29:33.985-0500][gc,metaspace] Narrow klass base: 0x000007fe00000000, Narrow klass shift: 0, Narrow klass range: 0x100000000
[2025-01-23T14:29:34.387-0500][gc,start    ] GC(0) Pause Young (Normal) (G1 Evacuation Pause)
[2025-01-23T14:29:34.388-0500][gc,task     ] GC(0) Using 11 workers of 11 for evacuation
[2025-01-23T14:29:34.390-0500][gc,phases   ] GC(0)   Pre Evacuate Collection Set: 0.08ms
[2025-01-23T14:29:34.390-0500][gc,phases   ] GC(0)   Merge Heap Roots: 0.05ms
[2025-01-23T14:29:34.390-0500][gc,phases   ] GC(0)   Evacuate Collection Set: 1.48ms
[2025-01-23T14:29:34.390-0500][gc,phases   ] GC(0)   Post Evacuate Collection Set: 0.36ms
[2025-01-23T14:29:34.390-0500][gc,phases   ] GC(0)   Other: 0.27ms
[2025-01-23T14:29:34.390-0500][gc,heap     ] GC(0) Eden regions: 51->0(44)
[2025-01-23T14:29:34.390-0500][gc,heap     ] GC(0) Survivor regions: 0->7(7)
[2025-01-23T14:29:34.390-0500][gc,heap     ] GC(0) Old regions: 2->3
[2025-01-23T14:29:34.390-0500][gc,heap     ] GC(0) Humongous regions: 0->0
[2025-01-23T14:29:34.390-0500][gc,metaspace] GC(0) Metaspace: 16950K(17152K)->16950K(17152K) NonClass: 14900K(14976K)->14900K(14976K) Class: 2049K(2176K)->2049K(2176K)
[2025-01-23T14:29:34.390-0500][gc          ] GC(0) Pause Young (Normal) (G1 Evacuation Pause) 52M->9M(1024M) 2.353ms
[2025-01-23T14:29:34.390-0500][gc,cpu      ] GC(0) User=0.01s Sys=0.01s Real=0.01s
[2025-01-23T14:29:34.473-0500][gc,start    ] GC(1) Pause Young (Concurrent Start) (Metadata GC Threshold)
[2025-01-23T14:29:34.473-0500][gc,task     ] GC(1) Using 11 workers of 11 for evacuation
[2025-01-23T14:29:34.475-0500][gc,phases   ] GC(1)   Pre Evacuate Collection Set: 0.08ms
[2025-01-23T14:29:34.475-0500][gc,phases   ] GC(1)   Merge Heap Roots: 0.05ms
[2025-01-23T14:29:34.475-0500][gc,phases   ] GC(1)   Evacuate Collection Set: 1.03ms
[2025-01-23T14:29:34.475-0500][gc,phases   ] GC(1)   Post Evacuate Collection Set: 0.19ms
[2025-01-23T14:29:34.475-0500][gc,phases   ] GC(1)   Other: 0.05ms
[2025-01-23T14:29:34.475-0500][gc,heap     ] GC(1) Eden regions: 18->0(49)
[2025-01-23T14:29:34.475-0500][gc,heap     ] GC(1) Survivor regions: 7->2(7)
[2025-01-23T14:29:34.475-0500][gc,heap     ] GC(1) Old regions: 3->11
[2025-01-23T14:29:34.475-0500][gc,heap     ] GC(1) Humongous regions: 0->0
[2025-01-23T14:29:34.475-0500][gc,metaspace] GC(1) Metaspace: 21298K(21504K)->21298K(21504K) NonClass: 18710K(18816K)->18710K(18816K) Class: 2588K(2688K)->2588K(2688K)
[2025-01-23T14:29:34.475-0500][gc          ] GC(1) Pause Young (Concurrent Start) (Metadata GC Threshold) 27M->10M(1024M) 1.510ms
[2025-01-23T14:29:34.475-0500][gc,cpu      ] GC(1) User=0.01s Sys=0.01s Real=0.00s
[2025-01-23T14:29:34.475-0500][gc          ] GC(2) Concurrent Mark Cycle
[2025-01-23T14:29:34.475-0500][gc,marking  ] GC(2) Concurrent Scan Root Regions
[2025-01-23T14:29:34.475-0500][gc,marking  ] GC(2) Concurrent Scan Root Regions 0.588ms
[2025-01-23T14:29:34.475-0500][gc,marking  ] GC(2) Concurrent Mark
[2025-01-23T14:29:34.475-0500][gc,marking  ] GC(2) Concurrent Mark From Roots
[2025-01-23T14:29:34.475-0500][gc,task     ] GC(2) Using 3 workers of 3 for marking
[2025-01-23T14:29:34.476-0500][gc,marking  ] GC(2) Concurrent Mark From Roots 0.714ms
[2025-01-23T14:29:34.476-0500][gc,marking  ] GC(2) Concurrent Preclean
[2025-01-23T14:29:34.476-0500][gc,marking  ] GC(2) Concurrent Preclean 0.006ms
[2025-01-23T14:29:34.482-0500][gc,start    ] GC(2) Pause Remark
[2025-01-23T14:29:34.483-0500][gc          ] GC(2) Pause Remark 140M->140M(1024M) 0.949ms
[2025-01-23T14:29:34.483-0500][gc,cpu      ] GC(2) User=0.01s Sys=0.00s Real=0.00s
[2025-01-23T14:29:34.483-0500][gc,marking  ] GC(2) Concurrent Mark 7.800ms
[2025-01-23T14:29:34.483-0500][gc,marking  ] GC(2) Concurrent Rebuild Remembered Sets and Scrub Regions
[2025-01-23T14:29:34.484-0500][gc,marking  ] GC(2) Concurrent Rebuild Remembered Sets and Scrub Regions 0.633ms
[2025-01-23T14:29:34.484-0500][gc,start    ] GC(2) Pause Cleanup
[2025-01-23T14:29:34.484-0500][gc          ] GC(2) Pause Cleanup 140M->140M(1024M) 0.014ms
[2025-01-23T14:29:34.484-0500][gc,cpu      ] GC(2) User=0.00s Sys=0.00s Real=0.00s
[2025-01-23T14:29:34.484-0500][gc,marking  ] GC(2) Concurrent Clear Claimed Marks
[2025-01-23T14:29:34.484-0500][gc,marking  ] GC(2) Concurrent Clear Claimed Marks 0.007ms
[2025-01-23T14:29:34.484-0500][gc,marking  ] GC(2) Concurrent Cleanup for Next Mark
[2025-01-23T14:29:34.485-0500][gc,marking  ] GC(2) Concurrent Cleanup for Next Mark 1.210ms
[2025-01-23T14:29:34.485-0500][gc          ] GC(2) Concurrent Mark Cycle 10.368ms
[2025-01-23T14:29:34.665-0500][gc,start    ] GC(3) Pause Young (Prepare Mixed) (G1 Evacuation Pause)
[2025-01-23T14:29:34.666-0500][gc,task     ] GC(3) Using 11 workers of 11 for evacuation
[2025-01-23T14:29:34.667-0500][gc,phases   ] GC(3)   Pre Evacuate Collection Set: 0.12ms
[2025-01-23T14:29:34.667-0500][gc,phases   ] GC(3)   Merge Heap Roots: 0.05ms
[2025-01-23T14:29:34.667-0500][gc,phases   ] GC(3)   Evacuate Collection Set: 0.89ms
[2025-01-23T14:29:34.667-0500][gc,phases   ] GC(3)   Post Evacuate Collection Set: 0.18ms
[2025-01-23T14:29:34.667-0500][gc,phases   ] GC(3)   Other: 0.04ms
[2025-01-23T14:29:34.667-0500][gc,heap     ] GC(3) Eden regions: 49->0(44)
[2025-01-23T14:29:34.667-0500][gc,heap     ] GC(3) Survivor regions: 2->7(7)
[2025-01-23T14:29:34.667-0500][gc,heap     ] GC(3) Old regions: 11->11
[2025-01-23T14:29:34.667-0500][gc,heap     ] GC(3) Humongous regions: 129->129
[2025-01-23T14:29:34.667-0500][gc,metaspace] GC(3) Metaspace: 32494K(32768K)->32494K(32768K) NonClass: 28834K(28992K)->28834K(28992K) Class: 3659K(3776K)->3659K(3776K)
[2025-01-23T14:29:34.667-0500][gc          ] GC(3) Pause Young (Prepare Mixed) (G1 Evacuation Pause) 188M->144M(1024M) 1.360ms
[2025-01-23T14:29:34.667-0500][gc,cpu      ] GC(3) User=0.01s Sys=0.00s Real=0.00s
[2025-01-23T14:29:34.795-0500][gc,start    ] GC(4) Pause Young (Mixed) (Metadata GC Threshold)
[2025-01-23T14:29:34.795-0500][gc,task     ] GC(4) Using 11 workers of 11 for evacuation
[2025-01-23T14:29:34.797-0500][gc,phases   ] GC(4)   Pre Evacuate Collection Set: 0.21ms
[2025-01-23T14:29:34.797-0500][gc,phases   ] GC(4)   Merge Heap Roots: 0.05ms
[2025-01-23T14:29:34.797-0500][gc,phases   ] GC(4)   Evacuate Collection Set: 1.18ms
[2025-01-23T14:29:34.797-0500][gc,phases   ] GC(4)   Post Evacuate Collection Set: 0.20ms
[2025-01-23T14:29:34.797-0500][gc,phases   ] GC(4)   Other: 0.12ms
[2025-01-23T14:29:34.797-0500][gc,heap     ] GC(4) Eden regions: 13->0(49)
[2025-01-23T14:29:34.797-0500][gc,heap     ] GC(4) Survivor regions: 7->2(7)
[2025-01-23T14:29:34.797-0500][gc,heap     ] GC(4) Old regions: 11->16
[2025-01-23T14:29:34.797-0500][gc,heap     ] GC(4) Humongous regions: 129->129
[2025-01-23T14:29:34.797-0500][gc,metaspace] GC(4) Metaspace: 35737K(35968K)->35737K(35968K) NonClass: 31669K(31808K)->31669K(31808K) Class: 4067K(4160K)->4067K(4160K)
[2025-01-23T14:29:34.797-0500][gc          ] GC(4) Pause Young (Mixed) (Metadata GC Threshold) 157M->145M(1024M) 1.866ms
[2025-01-23T14:29:34.797-0500][gc,cpu      ] GC(4) User=0.01s Sys=0.01s Real=0.00s
[2025-01-23T14:29:34.809-0500][gc,start    ] GC(5) Pause Young (Concurrent Start) (Metadata GC Threshold)
[2025-01-23T14:29:34.809-0500][gc,task     ] GC(5) Using 11 workers of 11 for evacuation
[2025-01-23T14:29:34.810-0500][gc,phases   ] GC(5)   Pre Evacuate Collection Set: 0.30ms
[2025-01-23T14:29:34.810-0500][gc,phases   ] GC(5)   Merge Heap Roots: 0.05ms
[2025-01-23T14:29:34.810-0500][gc,phases   ] GC(5)   Evacuate Collection Set: 0.36ms
[2025-01-23T14:29:34.810-0500][gc,phases   ] GC(5)   Post Evacuate Collection Set: 0.17ms
[2025-01-23T14:29:34.810-0500][gc,phases   ] GC(5)   Other: 0.03ms
[2025-01-23T14:29:34.810-0500][gc,heap     ] GC(5) Eden regions: 2->0(50)
[2025-01-23T14:29:34.810-0500][gc,heap     ] GC(5) Survivor regions: 2->1(7)
[2025-01-23T14:29:34.810-0500][gc,heap     ] GC(5) Old regions: 16->16
[2025-01-23T14:29:34.810-0500][gc,heap     ] GC(5) Humongous regions: 129->129
[2025-01-23T14:29:34.810-0500][gc,metaspace] GC(5) Metaspace: 35944K(36288K)->35944K(36288K) NonClass: 31841K(32000K)->31841K(32000K) Class: 4103K(4288K)->4103K(4288K)
[2025-01-23T14:29:34.810-0500][gc          ] GC(5) Pause Young (Concurrent Start) (Metadata GC Threshold) 146M->145M(1024M) 0.992ms
[2025-01-23T14:29:34.810-0500][gc,cpu      ] GC(5) User=0.00s Sys=0.00s Real=0.01s
[2025-01-23T14:29:34.810-0500][gc          ] GC(6) Concurrent Mark Cycle
[2025-01-23T14:29:34.810-0500][gc,marking  ] GC(6) Concurrent Scan Root Regions
[2025-01-23T14:29:34.810-0500][gc,marking  ] GC(6) Concurrent Scan Root Regions 0.448ms
[2025-01-23T14:29:34.810-0500][gc,marking  ] GC(6) Concurrent Mark
[2025-01-23T14:29:34.810-0500][gc,marking  ] GC(6) Concurrent Mark From Roots
[2025-01-23T14:29:34.810-0500][gc,task     ] GC(6) Using 3 workers of 3 for marking
[2025-01-23T14:29:34.813-0500][gc,marking  ] GC(6) Concurrent Mark From Roots 2.869ms
[2025-01-23T14:29:34.813-0500][gc,marking  ] GC(6) Concurrent Preclean
[2025-01-23T14:29:34.813-0500][gc,marking  ] GC(6) Concurrent Preclean 0.014ms
[2025-01-23T14:29:34.813-0500][gc,start    ] GC(6) Pause Remark
[2025-01-23T14:29:34.814-0500][gc          ] GC(6) Pause Remark 146M->146M(1024M) 0.752ms
[2025-01-23T14:29:34.814-0500][gc,cpu      ] GC(6) User=0.00s Sys=0.00s Real=0.00s
[2025-01-23T14:29:34.814-0500][gc,marking  ] GC(6) Concurrent Mark 3.718ms
[2025-01-23T14:29:34.814-0500][gc,marking  ] GC(6) Concurrent Rebuild Remembered Sets and Scrub Regions
[2025-01-23T14:29:34.815-0500][gc,marking  ] GC(6) Concurrent Rebuild Remembered Sets and Scrub Regions 1.114ms
[2025-01-23T14:29:34.815-0500][gc,start    ] GC(6) Pause Cleanup
[2025-01-23T14:29:34.815-0500][gc          ] GC(6) Pause Cleanup 146M->146M(1024M) 0.010ms
[2025-01-23T14:29:34.815-0500][gc,cpu      ] GC(6) User=0.00s Sys=0.00s Real=0.00s
[2025-01-23T14:29:34.815-0500][gc,marking  ] GC(6) Concurrent Clear Claimed Marks
[2025-01-23T14:29:34.815-0500][gc,marking  ] GC(6) Concurrent Clear Claimed Marks 0.010ms
[2025-01-23T14:29:34.815-0500][gc,marking  ] GC(6) Concurrent Cleanup for Next Mark
[2025-01-23T14:29:34.816-0500][gc,marking  ] GC(6) Concurrent Cleanup for Next Mark 0.487ms
[2025-01-23T14:29:34.816-0500][gc          ] GC(6) Concurrent Mark Cycle 5.897ms
[2025-01-23T14:39:28.875-0500][gc,heap,exit] Heap
[2025-01-23T14:39:28.875-0500][gc,heap,exit]  garbage-first heap   total reserved 1048576K, committed 1048576K, used 168877K [0x00000007c0000000, 0x0000000800000000)
[2025-01-23T14:39:28.875-0500][gc,heap,exit]   region size 1024K, 21 young (21504K), 1 survivors (1024K)
[2025-01-23T14:39:28.875-0500][gc,heap,exit]  Metaspace       used 37931K, committed 38272K, reserved 1114112K
[2025-01-23T14:39:28.875-0500][gc,heap,exit]   class space    used 4433K, committed 4608K, reserved 1048576K
