[2025-01-23T14:29:07.036-0500][gc,init] CardTable entry size: 512
[2025-01-23T14:29:07.036-0500][gc     ] Using G1
[2025-01-23T14:29:07.037-0500][gc,init] Version: 23.0.2+7-58 (release)
[2025-01-23T14:29:07.037-0500][gc,init] CPUs: 14 total, 14 available
[2025-01-23T14:29:07.037-0500][gc,init] Memory: 24576M
[2025-01-23T14:29:07.037-0500][gc,init] Large Page Support: Disabled
[2025-01-23T14:29:07.037-0500][gc,init] NUMA Support: Disabled
[2025-01-23T14:29:07.037-0500][gc,init] Compressed Oops: Enabled (Zero based)
[2025-01-23T14:29:07.037-0500][gc,init] Heap Region Size: 1M
[2025-01-23T14:29:07.037-0500][gc,init] Heap Min Capacity: 1G
[2025-01-23T14:29:07.037-0500][gc,init] Heap Initial Capacity: 1G
[2025-01-23T14:29:07.037-0500][gc,init] Heap Max Capacity: 1G
[2025-01-23T14:29:07.037-0500][gc,init] Pre-touch: Disabled
[2025-01-23T14:29:07.037-0500][gc,init] Parallel Workers: 11
[2025-01-23T14:29:07.037-0500][gc,init] Concurrent Workers: 3
[2025-01-23T14:29:07.037-0500][gc,init] Concurrent Refinement Workers: 11
[2025-01-23T14:29:07.037-0500][gc,init] Periodic GC: Disabled
[2025-01-23T14:29:07.039-0500][gc,metaspace] CDS archive(s) mapped at: [0x0000030000000000-0x0000030000d94000-0x0000030000d94000), size 14237696, SharedBaseAddress: 0x0000030000000000, ArchiveRelocationMode: 1.
[2025-01-23T14:29:07.039-0500][gc,metaspace] Compressed class space mapped at: 0x0000030001000000-0x0000030041000000, reserved size: 1073741824
[2025-01-23T14:29:07.039-0500][gc,metaspace] Narrow klass base: 0x0000030000000000, Narrow klass shift: 0, Narrow klass range: 0x100000000
[2025-01-23T14:29:07.442-0500][gc,start    ] GC(0) Pause Young (Normal) (G1 Evacuation Pause)
[2025-01-23T14:29:07.442-0500][gc,task     ] GC(0) Using 11 workers of 11 for evacuation
[2025-01-23T14:29:07.445-0500][gc,phases   ] GC(0)   Pre Evacuate Collection Set: 0.28ms
[2025-01-23T14:29:07.445-0500][gc,phases   ] GC(0)   Merge Heap Roots: 0.04ms
[2025-01-23T14:29:07.445-0500][gc,phases   ] GC(0)   Evacuate Collection Set: 1.76ms
[2025-01-23T14:29:07.445-0500][gc,phases   ] GC(0)   Post Evacuate Collection Set: 0.24ms
[2025-01-23T14:29:07.445-0500][gc,phases   ] GC(0)   Other: 0.21ms
[2025-01-23T14:29:07.445-0500][gc,heap     ] GC(0) Eden regions: 51->0(44)
[2025-01-23T14:29:07.445-0500][gc,heap     ] GC(0) Survivor regions: 0->7(7)
[2025-01-23T14:29:07.445-0500][gc,heap     ] GC(0) Old regions: 2->3
[2025-01-23T14:29:07.445-0500][gc,heap     ] GC(0) Humongous regions: 0->0
[2025-01-23T14:29:07.445-0500][gc,metaspace] GC(0) Metaspace: 16937K(17152K)->16937K(17152K) NonClass: 14889K(14976K)->14889K(14976K) Class: 2048K(2176K)->2048K(2176K)
[2025-01-23T14:29:07.445-0500][gc          ] GC(0) Pause Young (Normal) (G1 Evacuation Pause) 52M->9M(1024M) 2.654ms
[2025-01-23T14:29:07.445-0500][gc,cpu      ] GC(0) User=0.02s Sys=0.01s Real=0.00s
[2025-01-23T14:29:07.532-0500][gc,start    ] GC(1) Pause Young (Concurrent Start) (Metadata GC Threshold)
[2025-01-23T14:29:07.532-0500][gc,task     ] GC(1) Using 11 workers of 11 for evacuation
[2025-01-23T14:29:07.533-0500][gc,phases   ] GC(1)   Pre Evacuate Collection Set: 0.13ms
[2025-01-23T14:29:07.533-0500][gc,phases   ] GC(1)   Merge Heap Roots: 0.03ms
[2025-01-23T14:29:07.533-0500][gc,phases   ] GC(1)   Evacuate Collection Set: 0.89ms
[2025-01-23T14:29:07.533-0500][gc,phases   ] GC(1)   Post Evacuate Collection Set: 0.16ms
[2025-01-23T14:29:07.533-0500][gc,phases   ] GC(1)   Other: 0.04ms
[2025-01-23T14:29:07.533-0500][gc,heap     ] GC(1) Eden regions: 18->0(49)
[2025-01-23T14:29:07.533-0500][gc,heap     ] GC(1) Survivor regions: 7->2(7)
[2025-01-23T14:29:07.533-0500][gc,heap     ] GC(1) Old regions: 3->11
[2025-01-23T14:29:07.533-0500][gc,heap     ] GC(1) Humongous regions: 0->0
[2025-01-23T14:29:07.533-0500][gc,metaspace] GC(1) Metaspace: 21286K(21504K)->21286K(21504K) NonClass: 18698K(18816K)->18698K(18816K) Class: 2587K(2688K)->2587K(2688K)
[2025-01-23T14:29:07.533-0500][gc          ] GC(1) Pause Young (Concurrent Start) (Metadata GC Threshold) 27M->10M(1024M) 1.322ms
[2025-01-23T14:29:07.533-0500][gc,cpu      ] GC(1) User=0.01s Sys=0.01s Real=0.00s
[2025-01-23T14:29:07.533-0500][gc          ] GC(2) Concurrent Mark Cycle
[2025-01-23T14:29:07.533-0500][gc,marking  ] GC(2) Concurrent Scan Root Regions
[2025-01-23T14:29:07.534-0500][gc,marking  ] GC(2) Concurrent Scan Root Regions 0.599ms
[2025-01-23T14:29:07.534-0500][gc,marking  ] GC(2) Concurrent Mark
[2025-01-23T14:29:07.534-0500][gc,marking  ] GC(2) Concurrent Mark From Roots
[2025-01-23T14:29:07.534-0500][gc,task     ] GC(2) Using 3 workers of 3 for marking
[2025-01-23T14:29:07.535-0500][gc,marking  ] GC(2) Concurrent Mark From Roots 0.663ms
[2025-01-23T14:29:07.535-0500][gc,marking  ] GC(2) Concurrent Preclean
[2025-01-23T14:29:07.535-0500][gc,marking  ] GC(2) Concurrent Preclean 0.005ms
[2025-01-23T14:29:07.542-0500][gc,start    ] GC(2) Pause Remark
[2025-01-23T14:29:07.543-0500][gc          ] GC(2) Pause Remark 140M->140M(1024M) 1.169ms
[2025-01-23T14:29:07.543-0500][gc,cpu      ] GC(2) User=0.00s Sys=0.00s Real=0.00s
[2025-01-23T14:29:07.543-0500][gc,marking  ] GC(2) Concurrent Mark 9.241ms
[2025-01-23T14:29:07.543-0500][gc,marking  ] GC(2) Concurrent Rebuild Remembered Sets and Scrub Regions
[2025-01-23T14:29:07.544-0500][gc,marking  ] GC(2) Concurrent Rebuild Remembered Sets and Scrub Regions 0.636ms
[2025-01-23T14:29:07.544-0500][gc,start    ] GC(2) Pause Cleanup
[2025-01-23T14:29:07.544-0500][gc          ] GC(2) Pause Cleanup 140M->140M(1024M) 0.019ms
[2025-01-23T14:29:07.544-0500][gc,cpu      ] GC(2) User=0.00s Sys=0.00s Real=0.00s
[2025-01-23T14:29:07.544-0500][gc,marking  ] GC(2) Concurrent Clear Claimed Marks
[2025-01-23T14:29:07.544-0500][gc,marking  ] GC(2) Concurrent Clear Claimed Marks 0.005ms
[2025-01-23T14:29:07.544-0500][gc,marking  ] GC(2) Concurrent Cleanup for Next Mark
[2025-01-23T14:29:07.545-0500][gc,marking  ] GC(2) Concurrent Cleanup for Next Mark 1.057ms
[2025-01-23T14:29:07.545-0500][gc          ] GC(2) Concurrent Mark Cycle 11.669ms
[2025-01-23T14:29:07.881-0500][gc,start    ] GC(3) Pause Young (Prepare Mixed) (G1 Evacuation Pause)
[2025-01-23T14:29:07.881-0500][gc,task     ] GC(3) Using 11 workers of 11 for evacuation
[2025-01-23T14:29:07.882-0500][gc,phases   ] GC(3)   Pre Evacuate Collection Set: 0.11ms
[2025-01-23T14:29:07.882-0500][gc,phases   ] GC(3)   Merge Heap Roots: 0.05ms
[2025-01-23T14:29:07.882-0500][gc,phases   ] GC(3)   Evacuate Collection Set: 0.87ms
[2025-01-23T14:29:07.882-0500][gc,phases   ] GC(3)   Post Evacuate Collection Set: 0.21ms
[2025-01-23T14:29:07.882-0500][gc,phases   ] GC(3)   Other: 0.04ms
[2025-01-23T14:29:07.882-0500][gc,heap     ] GC(3) Eden regions: 49->0(46)
[2025-01-23T14:29:07.882-0500][gc,heap     ] GC(3) Survivor regions: 2->5(7)
[2025-01-23T14:29:07.882-0500][gc,heap     ] GC(3) Old regions: 11->11
[2025-01-23T14:29:07.882-0500][gc,heap     ] GC(3) Humongous regions: 129->0
[2025-01-23T14:29:07.882-0500][gc,metaspace] GC(3) Metaspace: 31596K(31872K)->31596K(31872K) NonClass: 27907K(28096K)->27907K(28096K) Class: 3689K(3776K)->3689K(3776K)
[2025-01-23T14:29:07.882-0500][gc          ] GC(3) Pause Young (Prepare Mixed) (G1 Evacuation Pause) 188M->13M(1024M) 1.384ms
[2025-01-23T14:29:07.882-0500][gc,cpu      ] GC(3) User=0.01s Sys=0.01s Real=0.00s
[2025-01-23T14:29:07.887-0500][gc,heap,exit] Heap
[2025-01-23T14:29:07.887-0500][gc,heap,exit]  garbage-first heap   total reserved 1048576K, committed 1048576K, used 15760K [0x00000007c0000000, 0x0000000800000000)
[2025-01-23T14:29:07.887-0500][gc,heap,exit]   region size 1024K, 7 young (7168K), 5 survivors (5120K)
[2025-01-23T14:29:07.887-0500][gc,heap,exit]  Metaspace       used 31688K, committed 32000K, reserved 1114112K
[2025-01-23T14:29:07.887-0500][gc,heap,exit]   class space    used 3704K, committed 3840K, reserved 1048576K
