[2025-01-23T20:04:20.118-0500][gc,init] CardTable entry size: 512
[2025-01-23T20:04:20.118-0500][gc     ] Using G1
[2025-01-23T20:04:20.119-0500][gc,init] Version: 23.0.2+7-58 (release)
[2025-01-23T20:04:20.119-0500][gc,init] CPUs: 14 total, 14 available
[2025-01-23T20:04:20.119-0500][gc,init] Memory: 24576M
[2025-01-23T20:04:20.119-0500][gc,init] Large Page Support: Disabled
[2025-01-23T20:04:20.119-0500][gc,init] NUMA Support: Disabled
[2025-01-23T20:04:20.119-0500][gc,init] Compressed Oops: Enabled (Zero based)
[2025-01-23T20:04:20.119-0500][gc,init] Heap Region Size: 1M
[2025-01-23T20:04:20.119-0500][gc,init] Heap Min Capacity: 1G
[2025-01-23T20:04:20.119-0500][gc,init] Heap Initial Capacity: 1G
[2025-01-23T20:04:20.119-0500][gc,init] Heap Max Capacity: 1G
[2025-01-23T20:04:20.119-0500][gc,init] Pre-touch: Disabled
[2025-01-23T20:04:20.119-0500][gc,init] Parallel Workers: 11
[2025-01-23T20:04:20.119-0500][gc,init] Concurrent Workers: 3
[2025-01-23T20:04:20.119-0500][gc,init] Concurrent Refinement Workers: 11
[2025-01-23T20:04:20.119-0500][gc,init] Periodic GC: Disabled
[2025-01-23T20:04:20.122-0500][gc,metaspace] CDS archive(s) mapped at: [0x0000007c00000000-0x0000007c00d94000-0x0000007c00d94000), size 14237696, SharedBaseAddress: 0x0000007c00000000, ArchiveRelocationMode: 1.
[2025-01-23T20:04:20.122-0500][gc,metaspace] Compressed class space mapped at: 0x0000007c01000000-0x0000007c41000000, reserved size: 1073741824
[2025-01-23T20:04:20.122-0500][gc,metaspace] Narrow klass base: 0x0000007c00000000, Narrow klass shift: 0, Narrow klass range: 0x100000000
[2025-01-23T20:04:20.593-0500][gc,start    ] GC(0) Pause Young (Normal) (G1 Evacuation Pause)
[2025-01-23T20:04:20.593-0500][gc,task     ] GC(0) Using 11 workers of 11 for evacuation
[2025-01-23T20:04:20.595-0500][gc,phases   ] GC(0)   Pre Evacuate Collection Set: 0.11ms
[2025-01-23T20:04:20.595-0500][gc,phases   ] GC(0)   Merge Heap Roots: 0.06ms
[2025-01-23T20:04:20.595-0500][gc,phases   ] GC(0)   Evacuate Collection Set: 1.38ms
[2025-01-23T20:04:20.595-0500][gc,phases   ] GC(0)   Post Evacuate Collection Set: 0.26ms
[2025-01-23T20:04:20.595-0500][gc,phases   ] GC(0)   Other: 0.26ms
[2025-01-23T20:04:20.595-0500][gc,heap     ] GC(0) Eden regions: 51->0(44)
[2025-01-23T20:04:20.595-0500][gc,heap     ] GC(0) Survivor regions: 0->7(7)
[2025-01-23T20:04:20.595-0500][gc,heap     ] GC(0) Old regions: 2->3
[2025-01-23T20:04:20.595-0500][gc,heap     ] GC(0) Humongous regions: 0->0
[2025-01-23T20:04:20.595-0500][gc,metaspace] GC(0) Metaspace: 16948K(17152K)->16948K(17152K) NonClass: 14896K(14976K)->14896K(14976K) Class: 2051K(2176K)->2051K(2176K)
[2025-01-23T20:04:20.595-0500][gc          ] GC(0) Pause Young (Normal) (G1 Evacuation Pause) 52M->9M(1024M) 2.175ms
[2025-01-23T20:04:20.595-0500][gc,cpu      ] GC(0) User=0.01s Sys=0.01s Real=0.00s
[2025-01-23T20:04:20.687-0500][gc,start    ] GC(1) Pause Young (Concurrent Start) (Metadata GC Threshold)
[2025-01-23T20:04:20.687-0500][gc,task     ] GC(1) Using 11 workers of 11 for evacuation
[2025-01-23T20:04:20.688-0500][gc,phases   ] GC(1)   Pre Evacuate Collection Set: 0.14ms
[2025-01-23T20:04:20.688-0500][gc,phases   ] GC(1)   Merge Heap Roots: 0.05ms
[2025-01-23T20:04:20.688-0500][gc,phases   ] GC(1)   Evacuate Collection Set: 1.17ms
[2025-01-23T20:04:20.688-0500][gc,phases   ] GC(1)   Post Evacuate Collection Set: 0.20ms
[2025-01-23T20:04:20.688-0500][gc,phases   ] GC(1)   Other: 0.04ms
[2025-01-23T20:04:20.688-0500][gc,heap     ] GC(1) Eden regions: 18->0(49)
[2025-01-23T20:04:20.688-0500][gc,heap     ] GC(1) Survivor regions: 7->2(7)
[2025-01-23T20:04:20.688-0500][gc,heap     ] GC(1) Old regions: 3->11
[2025-01-23T20:04:20.688-0500][gc,heap     ] GC(1) Humongous regions: 0->0
[2025-01-23T20:04:20.688-0500][gc,metaspace] GC(1) Metaspace: 21288K(21504K)->21288K(21504K) NonClass: 18689K(18816K)->18689K(18816K) Class: 2598K(2688K)->2598K(2688K)
[2025-01-23T20:04:20.688-0500][gc          ] GC(1) Pause Young (Concurrent Start) (Metadata GC Threshold) 26M->10M(1024M) 1.700ms
[2025-01-23T20:04:20.688-0500][gc          ] GC(2) Concurrent Mark Cycle
[2025-01-23T20:04:20.688-0500][gc,cpu      ] GC(1) User=0.01s Sys=0.01s Real=0.00s
[2025-01-23T20:04:20.688-0500][gc,marking  ] GC(2) Concurrent Scan Root Regions
[2025-01-23T20:04:20.689-0500][gc,marking  ] GC(2) Concurrent Scan Root Regions 0.590ms
[2025-01-23T20:04:20.689-0500][gc,marking  ] GC(2) Concurrent Mark
[2025-01-23T20:04:20.689-0500][gc,marking  ] GC(2) Concurrent Mark From Roots
[2025-01-23T20:04:20.689-0500][gc,task     ] GC(2) Using 3 workers of 3 for marking
[2025-01-23T20:04:20.690-0500][gc,marking  ] GC(2) Concurrent Mark From Roots 0.589ms
[2025-01-23T20:04:20.690-0500][gc,marking  ] GC(2) Concurrent Preclean
[2025-01-23T20:04:20.690-0500][gc,marking  ] GC(2) Concurrent Preclean 0.004ms
[2025-01-23T20:04:20.690-0500][gc,start    ] GC(2) Pause Remark
[2025-01-23T20:04:20.690-0500][gc          ] GC(2) Pause Remark 11M->11M(1024M) 0.743ms
[2025-01-23T20:04:20.690-0500][gc,cpu      ] GC(2) User=0.01s Sys=0.00s Real=0.00s
[2025-01-23T20:04:20.690-0500][gc,marking  ] GC(2) Concurrent Mark 1.385ms
[2025-01-23T20:04:20.690-0500][gc,marking  ] GC(2) Concurrent Rebuild Remembered Sets and Scrub Regions
[2025-01-23T20:04:20.691-0500][gc,marking  ] GC(2) Concurrent Rebuild Remembered Sets and Scrub Regions 0.578ms
[2025-01-23T20:04:20.691-0500][gc,start    ] GC(2) Pause Cleanup
[2025-01-23T20:04:20.691-0500][gc          ] GC(2) Pause Cleanup 11M->11M(1024M) 0.015ms
[2025-01-23T20:04:20.691-0500][gc,cpu      ] GC(2) User=0.00s Sys=0.00s Real=0.00s
[2025-01-23T20:04:20.691-0500][gc,marking  ] GC(2) Concurrent Clear Claimed Marks
[2025-01-23T20:04:20.691-0500][gc,marking  ] GC(2) Concurrent Clear Claimed Marks 0.005ms
[2025-01-23T20:04:20.691-0500][gc,marking  ] GC(2) Concurrent Cleanup for Next Mark
[2025-01-23T20:04:20.692-0500][gc,marking  ] GC(2) Concurrent Cleanup for Next Mark 1.222ms
[2025-01-23T20:04:20.692-0500][gc          ] GC(2) Concurrent Mark Cycle 3.932ms
[2025-01-23T20:04:21.150-0500][gc,start    ] GC(3) Pause Young (Prepare Mixed) (G1 Evacuation Pause)
[2025-01-23T20:04:21.150-0500][gc,task     ] GC(3) Using 11 workers of 11 for evacuation
[2025-01-23T20:04:21.151-0500][gc,phases   ] GC(3)   Pre Evacuate Collection Set: 0.13ms
[2025-01-23T20:04:21.151-0500][gc,phases   ] GC(3)   Merge Heap Roots: 0.03ms
[2025-01-23T20:04:21.151-0500][gc,phases   ] GC(3)   Evacuate Collection Set: 0.96ms
[2025-01-23T20:04:21.151-0500][gc,phases   ] GC(3)   Post Evacuate Collection Set: 0.18ms
[2025-01-23T20:04:21.151-0500][gc,phases   ] GC(3)   Other: 0.03ms
[2025-01-23T20:04:21.151-0500][gc,heap     ] GC(3) Eden regions: 49->0(45)
[2025-01-23T20:04:21.151-0500][gc,heap     ] GC(3) Survivor regions: 2->6(7)
[2025-01-23T20:04:21.151-0500][gc,heap     ] GC(3) Old regions: 11->11
[2025-01-23T20:04:21.151-0500][gc,heap     ] GC(3) Humongous regions: 129->129
[2025-01-23T20:04:21.151-0500][gc,metaspace] GC(3) Metaspace: 31014K(31360K)->31014K(31360K) NonClass: 27467K(27648K)->27467K(27648K) Class: 3547K(3712K)->3547K(3712K)
[2025-01-23T20:04:21.151-0500][gc          ] GC(3) Pause Young (Prepare Mixed) (G1 Evacuation Pause) 188M->144M(1024M) 1.411ms
[2025-01-23T20:04:21.151-0500][gc,cpu      ] GC(3) User=0.01s Sys=0.00s Real=0.00s
[2025-01-23T20:04:21.239-0500][gc,start    ] GC(4) Pause Young (Mixed) (Metadata GC Threshold)
[2025-01-23T20:04:21.239-0500][gc,task     ] GC(4) Using 11 workers of 11 for evacuation
[2025-01-23T20:04:21.240-0500][gc,phases   ] GC(4)   Pre Evacuate Collection Set: 0.12ms
[2025-01-23T20:04:21.241-0500][gc,phases   ] GC(4)   Merge Heap Roots: 0.04ms
[2025-01-23T20:04:21.241-0500][gc,phases   ] GC(4)   Evacuate Collection Set: 1.28ms
[2025-01-23T20:04:21.241-0500][gc,phases   ] GC(4)   Post Evacuate Collection Set: 0.16ms
[2025-01-23T20:04:21.241-0500][gc,phases   ] GC(4)   Other: 0.04ms
[2025-01-23T20:04:21.241-0500][gc,heap     ] GC(4) Eden regions: 19->0(49)
[2025-01-23T20:04:21.241-0500][gc,heap     ] GC(4) Survivor regions: 6->2(7)
[2025-01-23T20:04:21.241-0500][gc,heap     ] GC(4) Old regions: 11->15
[2025-01-23T20:04:21.241-0500][gc,heap     ] GC(4) Humongous regions: 129->129
[2025-01-23T20:04:21.241-0500][gc,metaspace] GC(4) Metaspace: 35646K(35968K)->35646K(35968K) NonClass: 31605K(31744K)->31605K(31744K) Class: 4041K(4224K)->4041K(4224K)
[2025-01-23T20:04:21.241-0500][gc          ] GC(4) Pause Young (Mixed) (Metadata GC Threshold) 163M->145M(1024M) 1.863ms
[2025-01-23T20:04:21.241-0500][gc,cpu      ] GC(4) User=0.01s Sys=0.00s Real=0.01s
[2025-01-23T20:04:21.244-0500][gc,start    ] GC(5) Pause Young (Concurrent Start) (Metadata GC Threshold)
[2025-01-23T20:04:21.244-0500][gc,task     ] GC(5) Using 11 workers of 11 for evacuation
[2025-01-23T20:04:21.244-0500][gc,phases   ] GC(5)   Pre Evacuate Collection Set: 0.14ms
[2025-01-23T20:04:21.244-0500][gc,phases   ] GC(5)   Merge Heap Roots: 0.03ms
[2025-01-23T20:04:21.244-0500][gc,phases   ] GC(5)   Evacuate Collection Set: 0.35ms
[2025-01-23T20:04:21.244-0500][gc,phases   ] GC(5)   Post Evacuate Collection Set: 0.13ms
[2025-01-23T20:04:21.244-0500][gc,phases   ] GC(5)   Other: 0.04ms
[2025-01-23T20:04:21.244-0500][gc,heap     ] GC(5) Eden regions: 2->0(49)
[2025-01-23T20:04:21.244-0500][gc,heap     ] GC(5) Survivor regions: 2->2(7)
[2025-01-23T20:04:21.244-0500][gc,heap     ] GC(5) Old regions: 15->15
[2025-01-23T20:04:21.244-0500][gc,heap     ] GC(5) Humongous regions: 129->129
[2025-01-23T20:04:21.244-0500][gc,metaspace] GC(5) Metaspace: 35999K(36288K)->35999K(36288K) NonClass: 31911K(32064K)->31911K(32064K) Class: 4088K(4224K)->4088K(4224K)
[2025-01-23T20:04:21.244-0500][gc          ] GC(5) Pause Young (Concurrent Start) (Metadata GC Threshold) 147M->145M(1024M) 0.765ms
[2025-01-23T20:04:21.244-0500][gc          ] GC(6) Concurrent Mark Cycle
[2025-01-23T20:04:21.244-0500][gc,cpu      ] GC(5) User=0.00s Sys=0.00s Real=0.00s
[2025-01-23T20:04:21.244-0500][gc,marking  ] GC(6) Concurrent Scan Root Regions
[2025-01-23T20:04:21.245-0500][gc,marking  ] GC(6) Concurrent Scan Root Regions 0.521ms
[2025-01-23T20:04:21.245-0500][gc,marking  ] GC(6) Concurrent Mark
[2025-01-23T20:04:21.245-0500][gc,marking  ] GC(6) Concurrent Mark From Roots
[2025-01-23T20:04:21.245-0500][gc,task     ] GC(6) Using 3 workers of 3 for marking
[2025-01-23T20:04:21.248-0500][gc,marking  ] GC(6) Concurrent Mark From Roots 3.457ms
[2025-01-23T20:04:21.248-0500][gc,marking  ] GC(6) Concurrent Preclean
[2025-01-23T20:04:21.248-0500][gc,marking  ] GC(6) Concurrent Preclean 0.031ms
[2025-01-23T20:04:21.248-0500][gc,start    ] GC(6) Pause Remark
[2025-01-23T20:04:21.249-0500][gc          ] GC(6) Pause Remark 147M->147M(1024M) 0.818ms
[2025-01-23T20:04:21.249-0500][gc,cpu      ] GC(6) User=0.00s Sys=0.01s Real=0.00s
[2025-01-23T20:04:21.249-0500][gc,marking  ] GC(6) Concurrent Mark 4.381ms
[2025-01-23T20:04:21.249-0500][gc,marking  ] GC(6) Concurrent Rebuild Remembered Sets and Scrub Regions
[2025-01-23T20:04:21.251-0500][gc,marking  ] GC(6) Concurrent Rebuild Remembered Sets and Scrub Regions 1.188ms
[2025-01-23T20:04:21.251-0500][gc,start    ] GC(6) Pause Cleanup
[2025-01-23T20:04:21.251-0500][gc          ] GC(6) Pause Cleanup 147M->147M(1024M) 0.015ms
[2025-01-23T20:04:21.251-0500][gc,cpu      ] GC(6) User=0.00s Sys=0.00s Real=0.00s
[2025-01-23T20:04:21.251-0500][gc,marking  ] GC(6) Concurrent Clear Claimed Marks
[2025-01-23T20:04:21.251-0500][gc,marking  ] GC(6) Concurrent Clear Claimed Marks 0.027ms
[2025-01-23T20:04:21.251-0500][gc,marking  ] GC(6) Concurrent Cleanup for Next Mark
[2025-01-23T20:04:21.251-0500][gc,marking  ] GC(6) Concurrent Cleanup for Next Mark 0.612ms
[2025-01-23T20:04:21.251-0500][gc          ] GC(6) Concurrent Mark Cycle 6.877ms
[2025-01-23T20:09:36.096-0500][gc,start    ] GC(7) Pause Young (Prepare Mixed) (G1 Evacuation Pause)
[2025-01-23T20:09:36.096-0500][gc,task     ] GC(7) Using 11 workers of 11 for evacuation
[2025-01-23T20:09:36.105-0500][gc,phases   ] GC(7)   Pre Evacuate Collection Set: 0.86ms
[2025-01-23T20:09:36.105-0500][gc,phases   ] GC(7)   Merge Heap Roots: 0.25ms
[2025-01-23T20:09:36.105-0500][gc,phases   ] GC(7)   Evacuate Collection Set: 7.01ms
[2025-01-23T20:09:36.105-0500][gc,phases   ] GC(7)   Post Evacuate Collection Set: 0.66ms
[2025-01-23T20:09:36.105-0500][gc,phases   ] GC(7)   Other: 0.15ms
[2025-01-23T20:09:36.105-0500][gc,heap     ] GC(7) Eden regions: 49->0(45)
[2025-01-23T20:09:36.105-0500][gc,heap     ] GC(7) Survivor regions: 2->6(7)
[2025-01-23T20:09:36.105-0500][gc,heap     ] GC(7) Old regions: 15->15
[2025-01-23T20:09:36.105-0500][gc,heap     ] GC(7) Humongous regions: 135->129
[2025-01-23T20:09:36.105-0500][gc,metaspace] GC(7) Metaspace: 42454K(43072K)->42454K(43072K) NonClass: 37382K(37760K)->37382K(37760K) Class: 5072K(5312K)->5072K(5312K)
[2025-01-23T20:09:36.105-0500][gc          ] GC(7) Pause Young (Prepare Mixed) (G1 Evacuation Pause) 200M->149M(1024M) 9.466ms
[2025-01-23T20:09:36.105-0500][gc,cpu      ] GC(7) User=0.03s Sys=0.01s Real=0.01s
[2025-01-23T20:16:31.364-0500][gc,start    ] GC(8) Pause Young (Mixed) (G1 Evacuation Pause)
[2025-01-23T20:16:31.364-0500][gc,task     ] GC(8) Using 11 workers of 11 for evacuation
[2025-01-23T20:16:31.372-0500][gc,phases   ] GC(8)   Pre Evacuate Collection Set: 0.49ms
[2025-01-23T20:16:31.373-0500][gc,phases   ] GC(8)   Merge Heap Roots: 0.13ms
[2025-01-23T20:16:31.373-0500][gc,phases   ] GC(8)   Evacuate Collection Set: 7.39ms
[2025-01-23T20:16:31.373-0500][gc,phases   ] GC(8)   Post Evacuate Collection Set: 0.49ms
[2025-01-23T20:16:31.373-0500][gc,phases   ] GC(8)   Other: 0.16ms
[2025-01-23T20:16:31.373-0500][gc,heap     ] GC(8) Eden regions: 45->0(48)
[2025-01-23T20:16:31.373-0500][gc,heap     ] GC(8) Survivor regions: 6->3(7)
[2025-01-23T20:16:31.373-0500][gc,heap     ] GC(8) Old regions: 15->19
[2025-01-23T20:16:31.373-0500][gc,heap     ] GC(8) Humongous regions: 129->129
[2025-01-23T20:16:31.373-0500][gc,metaspace] GC(8) Metaspace: 43376K(44032K)->43376K(44032K) NonClass: 38212K(38592K)->38212K(38592K) Class: 5163K(5440K)->5163K(5440K)
[2025-01-23T20:16:31.373-0500][gc          ] GC(8) Pause Young (Mixed) (G1 Evacuation Pause) 194M->149M(1024M) 9.045ms
[2025-01-23T20:16:31.373-0500][gc,cpu      ] GC(8) User=0.03s Sys=0.01s Real=0.01s
[2025-01-23T20:35:51.583-0500][gc,start    ] GC(9) Pause Young (Normal) (G1 Evacuation Pause)
[2025-01-23T20:35:51.584-0500][gc,task     ] GC(9) Using 11 workers of 11 for evacuation
[2025-01-23T20:35:51.591-0500][gc,phases   ] GC(9)   Pre Evacuate Collection Set: 0.54ms
[2025-01-23T20:35:51.591-0500][gc,phases   ] GC(9)   Merge Heap Roots: 0.14ms
[2025-01-23T20:35:51.591-0500][gc,phases   ] GC(9)   Evacuate Collection Set: 6.42ms
[2025-01-23T20:35:51.591-0500][gc,phases   ] GC(9)   Post Evacuate Collection Set: 0.32ms
[2025-01-23T20:35:51.591-0500][gc,phases   ] GC(9)   Other: 0.15ms
[2025-01-23T20:35:51.591-0500][gc,heap     ] GC(9) Eden regions: 48->0(48)
[2025-01-23T20:35:51.591-0500][gc,heap     ] GC(9) Survivor regions: 3->3(7)
[2025-01-23T20:35:51.591-0500][gc,heap     ] GC(9) Old regions: 19->19
[2025-01-23T20:35:51.591-0500][gc,heap     ] GC(9) Humongous regions: 129->129
[2025-01-23T20:35:51.591-0500][gc,metaspace] GC(9) Metaspace: 43875K(44480K)->43875K(44480K) NonClass: 38691K(39040K)->38691K(39040K) Class: 5184K(5440K)->5184K(5440K)
[2025-01-23T20:35:51.591-0500][gc          ] GC(9) Pause Young (Normal) (G1 Evacuation Pause) 197M->150M(1024M) 7.943ms
[2025-01-23T20:35:51.591-0500][gc,cpu      ] GC(9) User=0.02s Sys=0.01s Real=0.01s
[2025-01-23T21:14:31.586-0500][gc,start    ] GC(10) Pause Young (Normal) (G1 Evacuation Pause)
[2025-01-23T21:14:31.586-0500][gc,task     ] GC(10) Using 11 workers of 11 for evacuation
[2025-01-23T21:14:31.590-0500][gc,phases   ] GC(10)   Pre Evacuate Collection Set: 0.45ms
[2025-01-23T21:14:31.590-0500][gc,phases   ] GC(10)   Merge Heap Roots: 0.09ms
[2025-01-23T21:14:31.590-0500][gc,phases   ] GC(10)   Evacuate Collection Set: 2.69ms
[2025-01-23T21:14:31.590-0500][gc,phases   ] GC(10)   Post Evacuate Collection Set: 0.48ms
[2025-01-23T21:14:31.590-0500][gc,phases   ] GC(10)   Other: 0.16ms
[2025-01-23T21:14:31.590-0500][gc,heap     ] GC(10) Eden regions: 48->0(48)
[2025-01-23T21:14:31.590-0500][gc,heap     ] GC(10) Survivor regions: 3->3(7)
[2025-01-23T21:14:31.590-0500][gc,heap     ] GC(10) Old regions: 19->19
[2025-01-23T21:14:31.590-0500][gc,heap     ] GC(10) Humongous regions: 129->129
[2025-01-23T21:14:31.590-0500][gc,metaspace] GC(10) Metaspace: 44021K(44608K)->44021K(44608K) NonClass: 38833K(39168K)->38833K(39168K) Class: 5187K(5440K)->5187K(5440K)
[2025-01-23T21:14:31.590-0500][gc          ] GC(10) Pause Young (Normal) (G1 Evacuation Pause) 198M->150M(1024M) 4.284ms
[2025-01-23T21:14:31.590-0500][gc,cpu      ] GC(10) User=0.02s Sys=0.00s Real=0.01s
[2025-01-23T21:18:29.054-0500][gc,heap,exit] Heap
[2025-01-23T21:18:29.055-0500][gc,heap,exit]  garbage-first heap   total reserved 1048576K, committed 1048576K, used 170099K [0x00000007c0000000, 0x0000000800000000)
[2025-01-23T21:18:29.055-0500][gc,heap,exit]   region size 1024K, 19 young (19456K), 3 survivors (3072K)
[2025-01-23T21:18:29.055-0500][gc,heap,exit]  Metaspace       used 44924K, committed 45568K, reserved 1114112K
[2025-01-23T21:18:29.055-0500][gc,heap,exit]   class space    used 5374K, committed 5632K, reserved 1048576K
