[2025-01-23T18:53:44.551-0500][gc,init] CardTable entry size: 512
[2025-01-23T18:53:44.551-0500][gc     ] Using G1
[2025-01-23T18:53:44.552-0500][gc,init] Version: 23.0.2+7-58 (release)
[2025-01-23T18:53:44.552-0500][gc,init] CPUs: 14 total, 14 available
[2025-01-23T18:53:44.552-0500][gc,init] Memory: 24576M
[2025-01-23T18:53:44.552-0500][gc,init] Large Page Support: Disabled
[2025-01-23T18:53:44.552-0500][gc,init] NUMA Support: Disabled
[2025-01-23T18:53:44.552-0500][gc,init] Compressed Oops: Enabled (Zero based)
[2025-01-23T18:53:44.552-0500][gc,init] Heap Region Size: 1M
[2025-01-23T18:53:44.552-0500][gc,init] Heap Min Capacity: 1G
[2025-01-23T18:53:44.552-0500][gc,init] Heap Initial Capacity: 1G
[2025-01-23T18:53:44.552-0500][gc,init] Heap Max Capacity: 1G
[2025-01-23T18:53:44.552-0500][gc,init] Pre-touch: Disabled
[2025-01-23T18:53:44.552-0500][gc,init] Parallel Workers: 11
[2025-01-23T18:53:44.552-0500][gc,init] Concurrent Workers: 3
[2025-01-23T18:53:44.552-0500][gc,init] Concurrent Refinement Workers: 11
[2025-01-23T18:53:44.552-0500][gc,init] Periodic GC: Disabled
[2025-01-23T18:53:44.554-0500][gc,metaspace] CDS archive(s) mapped at: [0x00001e0000000000-0x00001e0000d94000-0x00001e0000d94000), size 14237696, SharedBaseAddress: 0x00001e0000000000, ArchiveRelocationMode: 1.
[2025-01-23T18:53:44.554-0500][gc,metaspace] Compressed class space mapped at: 0x00001e0001000000-0x00001e0041000000, reserved size: 1073741824
[2025-01-23T18:53:44.554-0500][gc,metaspace] Narrow klass base: 0x00001e0000000000, Narrow klass shift: 0, Narrow klass range: 0x100000000
[2025-01-23T18:53:45.005-0500][gc,start    ] GC(0) Pause Young (Normal) (G1 Evacuation Pause)
[2025-01-23T18:53:45.005-0500][gc,task     ] GC(0) Using 11 workers of 11 for evacuation
[2025-01-23T18:53:45.008-0500][gc,phases   ] GC(0)   Pre Evacuate Collection Set: 0.28ms
[2025-01-23T18:53:45.008-0500][gc,phases   ] GC(0)   Merge Heap Roots: 0.05ms
[2025-01-23T18:53:45.008-0500][gc,phases   ] GC(0)   Evacuate Collection Set: 1.89ms
[2025-01-23T18:53:45.008-0500][gc,phases   ] GC(0)   Post Evacuate Collection Set: 0.21ms
[2025-01-23T18:53:45.008-0500][gc,phases   ] GC(0)   Other: 0.21ms
[2025-01-23T18:53:45.008-0500][gc,heap     ] GC(0) Eden regions: 51->0(44)
[2025-01-23T18:53:45.008-0500][gc,heap     ] GC(0) Survivor regions: 0->7(7)
[2025-01-23T18:53:45.008-0500][gc,heap     ] GC(0) Old regions: 2->3
[2025-01-23T18:53:45.008-0500][gc,heap     ] GC(0) Humongous regions: 0->0
[2025-01-23T18:53:45.008-0500][gc,metaspace] GC(0) Metaspace: 16946K(17152K)->16946K(17152K) NonClass: 14896K(14976K)->14896K(14976K) Class: 2050K(2176K)->2050K(2176K)
[2025-01-23T18:53:45.008-0500][gc          ] GC(0) Pause Young (Normal) (G1 Evacuation Pause) 52M->9M(1024M) 2.797ms
[2025-01-23T18:53:45.008-0500][gc,cpu      ] GC(0) User=0.01s Sys=0.00s Real=0.00s
[2025-01-23T18:53:45.094-0500][gc,start    ] GC(1) Pause Young (Concurrent Start) (Metadata GC Threshold)
[2025-01-23T18:53:45.094-0500][gc,task     ] GC(1) Using 11 workers of 11 for evacuation
[2025-01-23T18:53:45.096-0500][gc,phases   ] GC(1)   Pre Evacuate Collection Set: 0.13ms
[2025-01-23T18:53:45.096-0500][gc,phases   ] GC(1)   Merge Heap Roots: 0.05ms
[2025-01-23T18:53:45.096-0500][gc,phases   ] GC(1)   Evacuate Collection Set: 1.38ms
[2025-01-23T18:53:45.096-0500][gc,phases   ] GC(1)   Post Evacuate Collection Set: 0.17ms
[2025-01-23T18:53:45.096-0500][gc,phases   ] GC(1)   Other: 0.04ms
[2025-01-23T18:53:45.096-0500][gc,heap     ] GC(1) Eden regions: 18->0(49)
[2025-01-23T18:53:45.096-0500][gc,heap     ] GC(1) Survivor regions: 7->2(7)
[2025-01-23T18:53:45.096-0500][gc,heap     ] GC(1) Old regions: 3->11
[2025-01-23T18:53:45.096-0500][gc,heap     ] GC(1) Humongous regions: 0->0
[2025-01-23T18:53:45.096-0500][gc,metaspace] GC(1) Metaspace: 21268K(21504K)->21268K(21504K) NonClass: 18670K(18816K)->18670K(18816K) Class: 2597K(2688K)->2597K(2688K)
[2025-01-23T18:53:45.096-0500][gc          ] GC(1) Pause Young (Concurrent Start) (Metadata GC Threshold) 26M->10M(1024M) 1.887ms
[2025-01-23T18:53:45.096-0500][gc          ] GC(2) Concurrent Mark Cycle
[2025-01-23T18:53:45.096-0500][gc,cpu      ] GC(1) User=0.01s Sys=0.01s Real=0.00s
[2025-01-23T18:53:45.096-0500][gc,marking  ] GC(2) Concurrent Scan Root Regions
[2025-01-23T18:53:45.096-0500][gc,marking  ] GC(2) Concurrent Scan Root Regions 0.610ms
[2025-01-23T18:53:45.096-0500][gc,marking  ] GC(2) Concurrent Mark
[2025-01-23T18:53:45.096-0500][gc,marking  ] GC(2) Concurrent Mark From Roots
[2025-01-23T18:53:45.096-0500][gc,task     ] GC(2) Using 3 workers of 3 for marking
[2025-01-23T18:53:45.097-0500][gc,marking  ] GC(2) Concurrent Mark From Roots 0.834ms
[2025-01-23T18:53:45.097-0500][gc,marking  ] GC(2) Concurrent Preclean
[2025-01-23T18:53:45.097-0500][gc,marking  ] GC(2) Concurrent Preclean 0.004ms
[2025-01-23T18:53:45.097-0500][gc,start    ] GC(2) Pause Remark
[2025-01-23T18:53:45.098-0500][gc          ] GC(2) Pause Remark 11M->11M(1024M) 0.819ms
[2025-01-23T18:53:45.098-0500][gc,cpu      ] GC(2) User=0.01s Sys=0.00s Real=0.00s
[2025-01-23T18:53:45.098-0500][gc,marking  ] GC(2) Concurrent Mark 1.732ms
[2025-01-23T18:53:45.098-0500][gc,marking  ] GC(2) Concurrent Rebuild Remembered Sets and Scrub Regions
[2025-01-23T18:53:45.099-0500][gc,marking  ] GC(2) Concurrent Rebuild Remembered Sets and Scrub Regions 0.635ms
[2025-01-23T18:53:45.099-0500][gc,start    ] GC(2) Pause Cleanup
[2025-01-23T18:53:45.099-0500][gc          ] GC(2) Pause Cleanup 11M->11M(1024M) 0.010ms
[2025-01-23T18:53:45.099-0500][gc,cpu      ] GC(2) User=0.00s Sys=0.00s Real=0.00s
[2025-01-23T18:53:45.099-0500][gc,marking  ] GC(2) Concurrent Clear Claimed Marks
[2025-01-23T18:53:45.099-0500][gc,marking  ] GC(2) Concurrent Clear Claimed Marks 0.007ms
[2025-01-23T18:53:45.099-0500][gc,marking  ] GC(2) Concurrent Cleanup for Next Mark
[2025-01-23T18:53:45.100-0500][gc,marking  ] GC(2) Concurrent Cleanup for Next Mark 1.139ms
[2025-01-23T18:53:45.100-0500][gc          ] GC(2) Concurrent Mark Cycle 4.238ms
[2025-01-23T18:53:45.336-0500][gc,start    ] GC(3) Pause Young (Prepare Mixed) (G1 Evacuation Pause)
[2025-01-23T18:53:45.336-0500][gc,task     ] GC(3) Using 11 workers of 11 for evacuation
[2025-01-23T18:53:45.338-0500][gc,phases   ] GC(3)   Pre Evacuate Collection Set: 0.11ms
[2025-01-23T18:53:45.338-0500][gc,phases   ] GC(3)   Merge Heap Roots: 0.04ms
[2025-01-23T18:53:45.338-0500][gc,phases   ] GC(3)   Evacuate Collection Set: 0.92ms
[2025-01-23T18:53:45.338-0500][gc,phases   ] GC(3)   Post Evacuate Collection Set: 0.19ms
[2025-01-23T18:53:45.338-0500][gc,phases   ] GC(3)   Other: 0.04ms
[2025-01-23T18:53:45.338-0500][gc,heap     ] GC(3) Eden regions: 49->0(44)
[2025-01-23T18:53:45.338-0500][gc,heap     ] GC(3) Survivor regions: 2->7(7)
[2025-01-23T18:53:45.338-0500][gc,heap     ] GC(3) Old regions: 11->11
[2025-01-23T18:53:45.338-0500][gc,heap     ] GC(3) Humongous regions: 129->129
[2025-01-23T18:53:45.338-0500][gc,metaspace] GC(3) Metaspace: 32774K(33152K)->32774K(33152K) NonClass: 29035K(29248K)->29035K(29248K) Class: 3738K(3904K)->3738K(3904K)
[2025-01-23T18:53:45.338-0500][gc          ] GC(3) Pause Young (Prepare Mixed) (G1 Evacuation Pause) 188M->144M(1024M) 1.395ms
[2025-01-23T18:53:45.338-0500][gc,cpu      ] GC(3) User=0.01s Sys=0.00s Real=0.00s
[2025-01-23T18:53:45.374-0500][gc,start    ] GC(4) Pause Young (Mixed) (Metadata GC Threshold)
[2025-01-23T18:53:45.374-0500][gc,task     ] GC(4) Using 11 workers of 11 for evacuation
[2025-01-23T18:53:45.375-0500][gc,phases   ] GC(4)   Pre Evacuate Collection Set: 0.10ms
[2025-01-23T18:53:45.375-0500][gc,phases   ] GC(4)   Merge Heap Roots: 0.03ms
[2025-01-23T18:53:45.375-0500][gc,phases   ] GC(4)   Evacuate Collection Set: 1.14ms
[2025-01-23T18:53:45.375-0500][gc,phases   ] GC(4)   Post Evacuate Collection Set: 0.15ms
[2025-01-23T18:53:45.375-0500][gc,phases   ] GC(4)   Other: 0.03ms
[2025-01-23T18:53:45.375-0500][gc,heap     ] GC(4) Eden regions: 12->0(49)
[2025-01-23T18:53:45.375-0500][gc,heap     ] GC(4) Survivor regions: 7->2(7)
[2025-01-23T18:53:45.375-0500][gc,heap     ] GC(4) Old regions: 11->16
[2025-01-23T18:53:45.375-0500][gc,heap     ] GC(4) Humongous regions: 129->129
[2025-01-23T18:53:45.375-0500][gc,metaspace] GC(4) Metaspace: 35638K(35968K)->35638K(35968K) NonClass: 31544K(31680K)->31544K(31680K) Class: 4094K(4288K)->4094K(4288K)
[2025-01-23T18:53:45.375-0500][gc          ] GC(4) Pause Young (Mixed) (Metadata GC Threshold) 155M->145M(1024M) 1.530ms
[2025-01-23T18:53:45.375-0500][gc,cpu      ] GC(4) User=0.01s Sys=0.00s Real=0.00s
[2025-01-23T18:53:45.379-0500][gc,start    ] GC(5) Pause Young (Concurrent Start) (Metadata GC Threshold)
[2025-01-23T18:53:45.379-0500][gc,task     ] GC(5) Using 11 workers of 11 for evacuation
[2025-01-23T18:53:45.379-0500][gc,phases   ] GC(5)   Pre Evacuate Collection Set: 0.13ms
[2025-01-23T18:53:45.379-0500][gc,phases   ] GC(5)   Merge Heap Roots: 0.03ms
[2025-01-23T18:53:45.379-0500][gc,phases   ] GC(5)   Evacuate Collection Set: 0.29ms
[2025-01-23T18:53:45.379-0500][gc,phases   ] GC(5)   Post Evacuate Collection Set: 0.12ms
[2025-01-23T18:53:45.379-0500][gc,phases   ] GC(5)   Other: 0.03ms
[2025-01-23T18:53:45.379-0500][gc,heap     ] GC(5) Eden regions: 3->0(49)
[2025-01-23T18:53:45.379-0500][gc,heap     ] GC(5) Survivor regions: 2->2(7)
[2025-01-23T18:53:45.379-0500][gc,heap     ] GC(5) Old regions: 16->16
[2025-01-23T18:53:45.379-0500][gc,heap     ] GC(5) Humongous regions: 129->129
[2025-01-23T18:53:45.380-0500][gc,metaspace] GC(5) Metaspace: 35957K(36288K)->35957K(36288K) NonClass: 31816K(32000K)->31816K(32000K) Class: 4141K(4288K)->4141K(4288K)
[2025-01-23T18:53:45.380-0500][gc          ] GC(5) Pause Young (Concurrent Start) (Metadata GC Threshold) 147M->145M(1024M) 0.658ms
[2025-01-23T18:53:45.380-0500][gc          ] GC(6) Concurrent Mark Cycle
[2025-01-23T18:53:45.380-0500][gc,cpu      ] GC(5) User=0.01s Sys=0.00s Real=0.01s
[2025-01-23T18:53:45.380-0500][gc,marking  ] GC(6) Concurrent Scan Root Regions
[2025-01-23T18:53:45.380-0500][gc,marking  ] GC(6) Concurrent Scan Root Regions 0.399ms
[2025-01-23T18:53:45.380-0500][gc,marking  ] GC(6) Concurrent Mark
[2025-01-23T18:53:45.380-0500][gc,marking  ] GC(6) Concurrent Mark From Roots
[2025-01-23T18:53:45.380-0500][gc,task     ] GC(6) Using 3 workers of 3 for marking
[2025-01-23T18:53:45.383-0500][gc,marking  ] GC(6) Concurrent Mark From Roots 3.171ms
[2025-01-23T18:53:45.383-0500][gc,marking  ] GC(6) Concurrent Preclean
[2025-01-23T18:53:45.383-0500][gc,marking  ] GC(6) Concurrent Preclean 0.022ms
[2025-01-23T18:53:45.383-0500][gc,start    ] GC(6) Pause Remark
[2025-01-23T18:53:45.384-0500][gc          ] GC(6) Pause Remark 147M->147M(1024M) 0.844ms
[2025-01-23T18:53:45.384-0500][gc,cpu      ] GC(6) User=0.00s Sys=0.00s Real=0.00s
[2025-01-23T18:53:45.384-0500][gc,marking  ] GC(6) Concurrent Mark 4.154ms
[2025-01-23T18:53:45.384-0500][gc,marking  ] GC(6) Concurrent Rebuild Remembered Sets and Scrub Regions
[2025-01-23T18:53:45.385-0500][gc,marking  ] GC(6) Concurrent Rebuild Remembered Sets and Scrub Regions 1.197ms
[2025-01-23T18:53:45.389-0500][gc,start    ] GC(6) Pause Cleanup
[2025-01-23T18:53:45.389-0500][gc          ] GC(6) Pause Cleanup 148M->148M(1024M) 0.026ms
[2025-01-23T18:53:45.389-0500][gc,cpu      ] GC(6) User=0.00s Sys=0.00s Real=0.00s
[2025-01-23T18:53:45.389-0500][gc,marking  ] GC(6) Concurrent Clear Claimed Marks
[2025-01-23T18:53:45.389-0500][gc,marking  ] GC(6) Concurrent Clear Claimed Marks 0.023ms
[2025-01-23T18:53:45.389-0500][gc,marking  ] GC(6) Concurrent Cleanup for Next Mark
[2025-01-23T18:53:45.389-0500][gc,marking  ] GC(6) Concurrent Cleanup for Next Mark 0.523ms
[2025-01-23T18:53:45.389-0500][gc          ] GC(6) Concurrent Mark Cycle 9.761ms
[2025-01-23T18:57:22.328-0500][gc,start    ] GC(7) Pause Young (Prepare Mixed) (G1 Evacuation Pause)
[2025-01-23T18:57:22.329-0500][gc,task     ] GC(7) Using 11 workers of 11 for evacuation
[2025-01-23T18:57:22.337-0500][gc,phases   ] GC(7)   Pre Evacuate Collection Set: 0.71ms
[2025-01-23T18:57:22.337-0500][gc,phases   ] GC(7)   Merge Heap Roots: 0.16ms
[2025-01-23T18:57:22.337-0500][gc,phases   ] GC(7)   Evacuate Collection Set: 6.27ms
[2025-01-23T18:57:22.337-0500][gc,phases   ] GC(7)   Post Evacuate Collection Set: 0.64ms
[2025-01-23T18:57:22.337-0500][gc,phases   ] GC(7)   Other: 0.20ms
[2025-01-23T18:57:22.337-0500][gc,heap     ] GC(7) Eden regions: 49->0(46)
[2025-01-23T18:57:22.337-0500][gc,heap     ] GC(7) Survivor regions: 2->5(7)
[2025-01-23T18:57:22.337-0500][gc,heap     ] GC(7) Old regions: 16->16
[2025-01-23T18:57:22.337-0500][gc,heap     ] GC(7) Humongous regions: 129->129
[2025-01-23T18:57:22.337-0500][gc,metaspace] GC(7) Metaspace: 42289K(42880K)->42289K(42880K) NonClass: 37176K(37504K)->37176K(37504K) Class: 5113K(5376K)->5113K(5376K)
[2025-01-23T18:57:22.337-0500][gc          ] GC(7) Pause Young (Prepare Mixed) (G1 Evacuation Pause) 194M->149M(1024M) 9.585ms
[2025-01-23T18:57:22.337-0500][gc,cpu      ] GC(7) User=0.02s Sys=0.01s Real=0.01s
[2025-01-23T19:10:15.145-0500][gc,start    ] GC(8) Pause Young (Mixed) (G1 Evacuation Pause)
[2025-01-23T19:10:15.147-0500][gc,task     ] GC(8) Using 11 workers of 11 for evacuation
[2025-01-23T19:10:15.155-0500][gc,phases   ] GC(8)   Pre Evacuate Collection Set: 0.40ms
[2025-01-23T19:10:15.155-0500][gc,phases   ] GC(8)   Merge Heap Roots: 0.08ms
[2025-01-23T19:10:15.155-0500][gc,phases   ] GC(8)   Evacuate Collection Set: 6.99ms
[2025-01-23T19:10:15.155-0500][gc,phases   ] GC(8)   Post Evacuate Collection Set: 0.56ms
[2025-01-23T19:10:15.155-0500][gc,phases   ] GC(8)   Other: 0.19ms
[2025-01-23T19:10:15.155-0500][gc,heap     ] GC(8) Eden regions: 46->0(48)
[2025-01-23T19:10:15.155-0500][gc,heap     ] GC(8) Survivor regions: 5->3(7)
[2025-01-23T19:10:15.155-0500][gc,heap     ] GC(8) Old regions: 16->19
[2025-01-23T19:10:15.155-0500][gc,heap     ] GC(8) Humongous regions: 129->129
[2025-01-23T19:10:15.155-0500][gc,metaspace] GC(8) Metaspace: 42829K(43456K)->42829K(43456K) NonClass: 37690K(38080K)->37690K(38080K) Class: 5139K(5376K)->5139K(5376K)
[2025-01-23T19:10:15.155-0500][gc          ] GC(8) Pause Young (Mixed) (G1 Evacuation Pause) 195M->150M(1024M) 9.736ms
[2025-01-23T19:10:15.155-0500][gc,cpu      ] GC(8) User=0.03s Sys=0.00s Real=0.01s
[2025-01-23T19:20:17.794-0500][gc,heap,exit] Heap
[2025-01-23T19:20:17.795-0500][gc,heap,exit]  garbage-first heap   total reserved 1048576K, committed 1048576K, used 199115K [0x00000007c0000000, 0x0000000800000000)
[2025-01-23T19:20:17.795-0500][gc,heap,exit]   region size 1024K, 47 young (48128K), 3 survivors (3072K)
[2025-01-23T19:20:17.795-0500][gc,heap,exit]  Metaspace       used 43885K, committed 44480K, reserved 1114112K
[2025-01-23T19:20:17.795-0500][gc,heap,exit]   class space    used 5345K, committed 5568K, reserved 1048576K
