[2025-01-23T14:28:31.024-0500][gc,init] CardTable entry size: 512
[2025-01-23T14:28:31.024-0500][gc     ] Using G1
[2025-01-23T14:28:31.024-0500][gc,init] Version: 23.0.2+7-58 (release)
[2025-01-23T14:28:31.024-0500][gc,init] CPUs: 14 total, 14 available
[2025-01-23T14:28:31.024-0500][gc,init] Memory: 24576M
[2025-01-23T14:28:31.024-0500][gc,init] Large Page Support: Disabled
[2025-01-23T14:28:31.024-0500][gc,init] NUMA Support: Disabled
[2025-01-23T14:28:31.024-0500][gc,init] Compressed Oops: Enabled (Zero based)
[2025-01-23T14:28:31.024-0500][gc,init] Heap Region Size: 1M
[2025-01-23T14:28:31.024-0500][gc,init] Heap Min Capacity: 1G
[2025-01-23T14:28:31.024-0500][gc,init] Heap Initial Capacity: 1G
[2025-01-23T14:28:31.024-0500][gc,init] Heap Max Capacity: 1G
[2025-01-23T14:28:31.024-0500][gc,init] Pre-touch: Disabled
[2025-01-23T14:28:31.024-0500][gc,init] Parallel Workers: 11
[2025-01-23T14:28:31.024-0500][gc,init] Concurrent Workers: 3
[2025-01-23T14:28:31.025-0500][gc,init] Concurrent Refinement Workers: 11
[2025-01-23T14:28:31.025-0500][gc,init] Periodic GC: Disabled
[2025-01-23T14:28:31.027-0500][gc,metaspace] CDS archive(s) mapped at: [0x00007c0000000000-0x00007c0000d94000-0x00007c0000d94000), size 14237696, SharedBaseAddress: 0x00007c0000000000, ArchiveRelocationMode: 1.
[2025-01-23T14:28:31.027-0500][gc,metaspace] Compressed class space mapped at: 0x00007c0001000000-0x00007c0041000000, reserved size: 1073741824
[2025-01-23T14:28:31.027-0500][gc,metaspace] Narrow klass base: 0x00007c0000000000, Narrow klass shift: 0, Narrow klass range: 0x100000000
[2025-01-23T14:28:36.330-0500][gc,heap,exit] Heap
[2025-01-23T14:28:36.330-0500][gc,heap,exit]  garbage-first heap   total reserved 1048576K, committed 1048576K, used 49269K [0x00000007c0000000, 0x0000000800000000)
[2025-01-23T14:28:36.330-0500][gc,heap,exit]   region size 1024K, 47 young (48128K), 0 survivors (0K)
[2025-01-23T14:28:36.330-0500][gc,heap,exit]  Metaspace       used 14538K, committed 14784K, reserved 1114112K
[2025-01-23T14:28:36.330-0500][gc,heap,exit]   class space    used 1804K, committed 1920K, reserved 1048576K
