[2025-01-23T21:19:40.727-0500][gc,init] CardTable entry size: 512
[2025-01-23T21:19:40.727-0500][gc     ] Using G1
[2025-01-23T21:19:40.728-0500][gc,init] Version: 23.0.2+7-58 (release)
[2025-01-23T21:19:40.728-0500][gc,init] CPUs: 14 total, 14 available
[2025-01-23T21:19:40.728-0500][gc,init] Memory: 24576M
[2025-01-23T21:19:40.728-0500][gc,init] Large Page Support: Disabled
[2025-01-23T21:19:40.728-0500][gc,init] NUMA Support: Disabled
[2025-01-23T21:19:40.728-0500][gc,init] Compressed Oops: Enabled (Zero based)
[2025-01-23T21:19:40.728-0500][gc,init] Heap Region Size: 1M
[2025-01-23T21:19:40.728-0500][gc,init] Heap Min Capacity: 1G
[2025-01-23T21:19:40.728-0500][gc,init] Heap Initial Capacity: 1G
[2025-01-23T21:19:40.728-0500][gc,init] Heap Max Capacity: 1G
[2025-01-23T21:19:40.728-0500][gc,init] Pre-touch: Disabled
[2025-01-23T21:19:40.728-0500][gc,init] Parallel Workers: 11
[2025-01-23T21:19:40.728-0500][gc,init] Concurrent Workers: 3
[2025-01-23T21:19:40.728-0500][gc,init] Concurrent Refinement Workers: 11
[2025-01-23T21:19:40.728-0500][gc,init] Periodic GC: Disabled
[2025-01-23T21:19:40.730-0500][gc,metaspace] CDS archive(s) mapped at: [0x00000c0000000000-0x00000c0000d94000-0x00000c0000d94000), size 14237696, SharedBaseAddress: 0x00000c0000000000, ArchiveRelocationMode: 1.
[2025-01-23T21:19:40.730-0500][gc,metaspace] Compressed class space mapped at: 0x00000c0001000000-0x00000c0041000000, reserved size: 1073741824
[2025-01-23T21:19:40.730-0500][gc,metaspace] Narrow klass base: 0x00000c0000000000, Narrow klass shift: 0, Narrow klass range: 0x100000000
[2025-01-23T21:19:41.212-0500][gc,start    ] GC(0) Pause Young (Normal) (G1 Evacuation Pause)
[2025-01-23T21:19:41.212-0500][gc,task     ] GC(0) Using 11 workers of 11 for evacuation
[2025-01-23T21:19:41.214-0500][gc,phases   ] GC(0)   Pre Evacuate Collection Set: 0.19ms
[2025-01-23T21:19:41.214-0500][gc,phases   ] GC(0)   Merge Heap Roots: 0.10ms
[2025-01-23T21:19:41.214-0500][gc,phases   ] GC(0)   Evacuate Collection Set: 1.51ms
[2025-01-23T21:19:41.214-0500][gc,phases   ] GC(0)   Post Evacuate Collection Set: 0.17ms
[2025-01-23T21:19:41.214-0500][gc,phases   ] GC(0)   Other: 0.21ms
[2025-01-23T21:19:41.214-0500][gc,heap     ] GC(0) Eden regions: 51->0(44)
[2025-01-23T21:19:41.214-0500][gc,heap     ] GC(0) Survivor regions: 0->7(7)
[2025-01-23T21:19:41.214-0500][gc,heap     ] GC(0) Old regions: 2->4
[2025-01-23T21:19:41.214-0500][gc,heap     ] GC(0) Humongous regions: 0->0
[2025-01-23T21:19:41.214-0500][gc,metaspace] GC(0) Metaspace: 16955K(17152K)->16955K(17152K) NonClass: 14905K(14976K)->14905K(14976K) Class: 2049K(2176K)->2049K(2176K)
[2025-01-23T21:19:41.214-0500][gc          ] GC(0) Pause Young (Normal) (G1 Evacuation Pause) 52M->9M(1024M) 2.292ms
[2025-01-23T21:19:41.214-0500][gc,cpu      ] GC(0) User=0.01s Sys=0.01s Real=0.00s
[2025-01-23T21:19:41.300-0500][gc,start    ] GC(1) Pause Young (Concurrent Start) (Metadata GC Threshold)
[2025-01-23T21:19:41.300-0500][gc,task     ] GC(1) Using 11 workers of 11 for evacuation
[2025-01-23T21:19:41.302-0500][gc,phases   ] GC(1)   Pre Evacuate Collection Set: 0.15ms
[2025-01-23T21:19:41.302-0500][gc,phases   ] GC(1)   Merge Heap Roots: 0.04ms
[2025-01-23T21:19:41.302-0500][gc,phases   ] GC(1)   Evacuate Collection Set: 0.98ms
[2025-01-23T21:19:41.302-0500][gc,phases   ] GC(1)   Post Evacuate Collection Set: 0.15ms
[2025-01-23T21:19:41.302-0500][gc,phases   ] GC(1)   Other: 0.04ms
[2025-01-23T21:19:41.302-0500][gc,heap     ] GC(1) Eden regions: 18->0(49)
[2025-01-23T21:19:41.302-0500][gc,heap     ] GC(1) Survivor regions: 7->2(7)
[2025-01-23T21:19:41.302-0500][gc,heap     ] GC(1) Old regions: 4->11
[2025-01-23T21:19:41.302-0500][gc,heap     ] GC(1) Humongous regions: 0->0
[2025-01-23T21:19:41.302-0500][gc,metaspace] GC(1) Metaspace: 21297K(21504K)->21297K(21504K) NonClass: 18700K(18816K)->18700K(18816K) Class: 2597K(2688K)->2597K(2688K)
[2025-01-23T21:19:41.302-0500][gc          ] GC(1) Pause Young (Concurrent Start) (Metadata GC Threshold) 26M->10M(1024M) 1.457ms
[2025-01-23T21:19:41.302-0500][gc,cpu      ] GC(1) User=0.01s Sys=0.00s Real=0.00s
[2025-01-23T21:19:41.302-0500][gc          ] GC(2) Concurrent Mark Cycle
[2025-01-23T21:19:41.302-0500][gc,marking  ] GC(2) Concurrent Scan Root Regions
[2025-01-23T21:19:41.302-0500][gc,marking  ] GC(2) Concurrent Scan Root Regions 0.572ms
[2025-01-23T21:19:41.302-0500][gc,marking  ] GC(2) Concurrent Mark
[2025-01-23T21:19:41.302-0500][gc,marking  ] GC(2) Concurrent Mark From Roots
[2025-01-23T21:19:41.302-0500][gc,task     ] GC(2) Using 3 workers of 3 for marking
[2025-01-23T21:19:41.303-0500][gc,marking  ] GC(2) Concurrent Mark From Roots 0.850ms
[2025-01-23T21:19:41.303-0500][gc,marking  ] GC(2) Concurrent Preclean
[2025-01-23T21:19:41.303-0500][gc,marking  ] GC(2) Concurrent Preclean 0.004ms
[2025-01-23T21:19:41.303-0500][gc,start    ] GC(2) Pause Remark
[2025-01-23T21:19:41.304-0500][gc          ] GC(2) Pause Remark 11M->11M(1024M) 0.725ms
[2025-01-23T21:19:41.304-0500][gc,cpu      ] GC(2) User=0.01s Sys=0.00s Real=0.00s
[2025-01-23T21:19:41.304-0500][gc,marking  ] GC(2) Concurrent Mark 1.619ms
[2025-01-23T21:19:41.304-0500][gc,marking  ] GC(2) Concurrent Rebuild Remembered Sets and Scrub Regions
[2025-01-23T21:19:41.305-0500][gc,marking  ] GC(2) Concurrent Rebuild Remembered Sets and Scrub Regions 0.589ms
[2025-01-23T21:19:41.305-0500][gc,start    ] GC(2) Pause Cleanup
[2025-01-23T21:19:41.305-0500][gc          ] GC(2) Pause Cleanup 11M->11M(1024M) 0.010ms
[2025-01-23T21:19:41.305-0500][gc,cpu      ] GC(2) User=0.00s Sys=0.00s Real=0.00s
[2025-01-23T21:19:41.305-0500][gc,marking  ] GC(2) Concurrent Clear Claimed Marks
[2025-01-23T21:19:41.305-0500][gc,marking  ] GC(2) Concurrent Clear Claimed Marks 0.005ms
[2025-01-23T21:19:41.305-0500][gc,marking  ] GC(2) Concurrent Cleanup for Next Mark
[2025-01-23T21:19:41.306-0500][gc,marking  ] GC(2) Concurrent Cleanup for Next Mark 0.938ms
[2025-01-23T21:19:41.306-0500][gc          ] GC(2) Concurrent Mark Cycle 3.834ms
[2025-01-23T21:19:41.737-0500][gc,start    ] GC(3) Pause Young (Prepare Mixed) (G1 Evacuation Pause)
[2025-01-23T21:19:41.737-0500][gc,task     ] GC(3) Using 11 workers of 11 for evacuation
[2025-01-23T21:19:41.738-0500][gc,phases   ] GC(3)   Pre Evacuate Collection Set: 0.13ms
[2025-01-23T21:19:41.738-0500][gc,phases   ] GC(3)   Merge Heap Roots: 0.05ms
[2025-01-23T21:19:41.738-0500][gc,phases   ] GC(3)   Evacuate Collection Set: 1.09ms
[2025-01-23T21:19:41.738-0500][gc,phases   ] GC(3)   Post Evacuate Collection Set: 0.16ms
[2025-01-23T21:19:41.738-0500][gc,phases   ] GC(3)   Other: 0.03ms
[2025-01-23T21:19:41.738-0500][gc,heap     ] GC(3) Eden regions: 49->0(44)
[2025-01-23T21:19:41.738-0500][gc,heap     ] GC(3) Survivor regions: 2->7(7)
[2025-01-23T21:19:41.738-0500][gc,heap     ] GC(3) Old regions: 11->11
[2025-01-23T21:19:41.738-0500][gc,heap     ] GC(3) Humongous regions: 129->129
[2025-01-23T21:19:41.738-0500][gc,metaspace] GC(3) Metaspace: 31029K(31424K)->31029K(31424K) NonClass: 27479K(27712K)->27479K(27712K) Class: 3549K(3712K)->3549K(3712K)
[2025-01-23T21:19:41.738-0500][gc          ] GC(3) Pause Young (Prepare Mixed) (G1 Evacuation Pause) 188M->144M(1024M) 1.528ms
[2025-01-23T21:19:41.738-0500][gc,cpu      ] GC(3) User=0.01s Sys=0.01s Real=0.00s
[2025-01-23T21:19:41.820-0500][gc,start    ] GC(4) Pause Young (Mixed) (Metadata GC Threshold)
[2025-01-23T21:19:41.820-0500][gc,task     ] GC(4) Using 11 workers of 11 for evacuation
[2025-01-23T21:19:41.822-0500][gc,phases   ] GC(4)   Pre Evacuate Collection Set: 0.14ms
[2025-01-23T21:19:41.822-0500][gc,phases   ] GC(4)   Merge Heap Roots: 0.04ms
[2025-01-23T21:19:41.822-0500][gc,phases   ] GC(4)   Evacuate Collection Set: 1.01ms
[2025-01-23T21:19:41.822-0500][gc,phases   ] GC(4)   Post Evacuate Collection Set: 0.15ms
[2025-01-23T21:19:41.822-0500][gc,phases   ] GC(4)   Other: 0.04ms
[2025-01-23T21:19:41.822-0500][gc,heap     ] GC(4) Eden regions: 19->0(49)
[2025-01-23T21:19:41.822-0500][gc,heap     ] GC(4) Survivor regions: 7->2(7)
[2025-01-23T21:19:41.822-0500][gc,heap     ] GC(4) Old regions: 11->16
[2025-01-23T21:19:41.822-0500][gc,heap     ] GC(4) Humongous regions: 129->129
[2025-01-23T21:19:41.822-0500][gc,metaspace] GC(4) Metaspace: 35739K(36096K)->35739K(36096K) NonClass: 31690K(31872K)->31690K(31872K) Class: 4048K(4224K)->4048K(4224K)
[2025-01-23T21:19:41.822-0500][gc          ] GC(4) Pause Young (Mixed) (Metadata GC Threshold) 162M->145M(1024M) 1.465ms
[2025-01-23T21:19:41.822-0500][gc,cpu      ] GC(4) User=0.01s Sys=0.00s Real=0.00s
[2025-01-23T21:19:41.825-0500][gc,start    ] GC(5) Pause Young (Concurrent Start) (Metadata GC Threshold)
[2025-01-23T21:19:41.825-0500][gc,task     ] GC(5) Using 11 workers of 11 for evacuation
[2025-01-23T21:19:41.825-0500][gc,phases   ] GC(5)   Pre Evacuate Collection Set: 0.10ms
[2025-01-23T21:19:41.825-0500][gc,phases   ] GC(5)   Merge Heap Roots: 0.05ms
[2025-01-23T21:19:41.825-0500][gc,phases   ] GC(5)   Evacuate Collection Set: 0.34ms
[2025-01-23T21:19:41.825-0500][gc,phases   ] GC(5)   Post Evacuate Collection Set: 0.11ms
[2025-01-23T21:19:41.825-0500][gc,phases   ] GC(5)   Other: 0.03ms
[2025-01-23T21:19:41.825-0500][gc,heap     ] GC(5) Eden regions: 2->0(49)
[2025-01-23T21:19:41.825-0500][gc,heap     ] GC(5) Survivor regions: 2->2(7)
[2025-01-23T21:19:41.825-0500][gc,heap     ] GC(5) Old regions: 16->16
[2025-01-23T21:19:41.825-0500][gc,heap     ] GC(5) Humongous regions: 129->129
[2025-01-23T21:19:41.825-0500][gc,metaspace] GC(5) Metaspace: 36097K(36416K)->36097K(36416K) NonClass: 32010K(32192K)->32010K(32192K) Class: 4087K(4224K)->4087K(4224K)
[2025-01-23T21:19:41.825-0500][gc          ] GC(5) Pause Young (Concurrent Start) (Metadata GC Threshold) 147M->145M(1024M) 0.693ms
[2025-01-23T21:19:41.825-0500][gc,cpu      ] GC(5) User=0.00s Sys=0.01s Real=0.00s
[2025-01-23T21:19:41.825-0500][gc          ] GC(6) Concurrent Mark Cycle
[2025-01-23T21:19:41.825-0500][gc,marking  ] GC(6) Concurrent Scan Root Regions
[2025-01-23T21:19:41.826-0500][gc,marking  ] GC(6) Concurrent Scan Root Regions 0.419ms
[2025-01-23T21:19:41.826-0500][gc,marking  ] GC(6) Concurrent Mark
[2025-01-23T21:19:41.826-0500][gc,marking  ] GC(6) Concurrent Mark From Roots
[2025-01-23T21:19:41.826-0500][gc,task     ] GC(6) Using 3 workers of 3 for marking
[2025-01-23T21:19:41.829-0500][gc,marking  ] GC(6) Concurrent Mark From Roots 3.034ms
[2025-01-23T21:19:41.829-0500][gc,marking  ] GC(6) Concurrent Preclean
[2025-01-23T21:19:41.829-0500][gc,marking  ] GC(6) Concurrent Preclean 0.030ms
[2025-01-23T21:19:41.829-0500][gc,start    ] GC(6) Pause Remark
[2025-01-23T21:19:41.830-0500][gc          ] GC(6) Pause Remark 147M->147M(1024M) 0.869ms
[2025-01-23T21:19:41.830-0500][gc,cpu      ] GC(6) User=0.01s Sys=0.00s Real=0.01s
[2025-01-23T21:19:41.830-0500][gc,marking  ] GC(6) Concurrent Mark 4.014ms
[2025-01-23T21:19:41.830-0500][gc,marking  ] GC(6) Concurrent Rebuild Remembered Sets and Scrub Regions
[2025-01-23T21:19:41.831-0500][gc,marking  ] GC(6) Concurrent Rebuild Remembered Sets and Scrub Regions 1.277ms
[2025-01-23T21:19:41.831-0500][gc,start    ] GC(6) Pause Cleanup
[2025-01-23T21:19:41.831-0500][gc          ] GC(6) Pause Cleanup 148M->148M(1024M) 0.035ms
[2025-01-23T21:19:41.831-0500][gc,cpu      ] GC(6) User=0.00s Sys=0.00s Real=0.00s
[2025-01-23T21:19:41.831-0500][gc,marking  ] GC(6) Concurrent Clear Claimed Marks
[2025-01-23T21:19:41.831-0500][gc,marking  ] GC(6) Concurrent Clear Claimed Marks 0.013ms
[2025-01-23T21:19:41.831-0500][gc,marking  ] GC(6) Concurrent Cleanup for Next Mark
[2025-01-23T21:19:41.832-0500][gc,marking  ] GC(6) Concurrent Cleanup for Next Mark 0.589ms
[2025-01-23T21:19:41.832-0500][gc          ] GC(6) Concurrent Mark Cycle 6.470ms
[2025-01-23T21:23:12.613-0500][gc,start    ] GC(7) Pause Young (Prepare Mixed) (G1 Evacuation Pause)
[2025-01-23T21:23:12.614-0500][gc,task     ] GC(7) Using 11 workers of 11 for evacuation
[2025-01-23T21:23:12.621-0500][gc,phases   ] GC(7)   Pre Evacuate Collection Set: 0.66ms
[2025-01-23T21:23:12.621-0500][gc,phases   ] GC(7)   Merge Heap Roots: 0.15ms
[2025-01-23T21:23:12.621-0500][gc,phases   ] GC(7)   Evacuate Collection Set: 5.17ms
[2025-01-23T21:23:12.621-0500][gc,phases   ] GC(7)   Post Evacuate Collection Set: 0.83ms
[2025-01-23T21:23:12.621-0500][gc,phases   ] GC(7)   Other: 0.17ms
[2025-01-23T21:23:12.621-0500][gc,heap     ] GC(7) Eden regions: 49->0(47)
[2025-01-23T21:23:12.621-0500][gc,heap     ] GC(7) Survivor regions: 2->4(7)
[2025-01-23T21:23:12.621-0500][gc,heap     ] GC(7) Old regions: 16->16
[2025-01-23T21:23:12.621-0500][gc,heap     ] GC(7) Humongous regions: 141->129
[2025-01-23T21:23:12.621-0500][gc,metaspace] GC(7) Metaspace: 41663K(42240K)->41663K(42240K) NonClass: 36783K(37120K)->36783K(37120K) Class: 4880K(5120K)->4880K(5120K)
[2025-01-23T21:23:12.621-0500][gc          ] GC(7) Pause Young (Prepare Mixed) (G1 Evacuation Pause) 206M->147M(1024M) 7.865ms
[2025-01-23T21:23:12.621-0500][gc,cpu      ] GC(7) User=0.02s Sys=0.00s Real=0.01s
[2025-01-23T21:27:45.077-0500][gc,start    ] GC(8) Pause Young (Mixed) (G1 Evacuation Pause)
[2025-01-23T21:27:45.077-0500][gc,task     ] GC(8) Using 11 workers of 11 for evacuation
[2025-01-23T21:27:45.083-0500][gc,phases   ] GC(8)   Pre Evacuate Collection Set: 0.21ms
[2025-01-23T21:27:45.083-0500][gc,phases   ] GC(8)   Merge Heap Roots: 0.07ms
[2025-01-23T21:27:45.083-0500][gc,phases   ] GC(8)   Evacuate Collection Set: 5.34ms
[2025-01-23T21:27:45.083-0500][gc,phases   ] GC(8)   Post Evacuate Collection Set: 0.42ms
[2025-01-23T21:27:45.083-0500][gc,phases   ] GC(8)   Other: 0.08ms
[2025-01-23T21:27:45.083-0500][gc,heap     ] GC(8) Eden regions: 47->0(47)
[2025-01-23T21:27:45.083-0500][gc,heap     ] GC(8) Survivor regions: 4->4(7)
[2025-01-23T21:27:45.083-0500][gc,heap     ] GC(8) Old regions: 16->15
[2025-01-23T21:27:45.083-0500][gc,heap     ] GC(8) Humongous regions: 129->129
[2025-01-23T21:27:45.083-0500][gc,metaspace] GC(8) Metaspace: 41740K(42304K)->41740K(42304K) NonClass: 36860K(37184K)->36860K(37184K) Class: 4880K(5120K)->4880K(5120K)
[2025-01-23T21:27:45.083-0500][gc          ] GC(8) Pause Young (Mixed) (G1 Evacuation Pause) 194M->147M(1024M) 6.367ms
[2025-01-23T21:27:45.083-0500][gc,cpu      ] GC(8) User=0.02s Sys=0.00s Real=0.01s
[2025-01-23T21:33:01.743-0500][gc,start    ] GC(9) Pause Young (Normal) (G1 Evacuation Pause)
[2025-01-23T21:33:01.744-0500][gc,task     ] GC(9) Using 11 workers of 11 for evacuation
[2025-01-23T21:33:01.749-0500][gc,phases   ] GC(9)   Pre Evacuate Collection Set: 0.45ms
[2025-01-23T21:33:01.749-0500][gc,phases   ] GC(9)   Merge Heap Roots: 0.11ms
[2025-01-23T21:33:01.749-0500][gc,phases   ] GC(9)   Evacuate Collection Set: 4.36ms
[2025-01-23T21:33:01.749-0500][gc,phases   ] GC(9)   Post Evacuate Collection Set: 0.47ms
[2025-01-23T21:33:01.749-0500][gc,phases   ] GC(9)   Other: 0.18ms
[2025-01-23T21:33:01.749-0500][gc,heap     ] GC(9) Eden regions: 47->0(48)
[2025-01-23T21:33:01.749-0500][gc,heap     ] GC(9) Survivor regions: 4->3(7)
[2025-01-23T21:33:01.749-0500][gc,heap     ] GC(9) Old regions: 15->17
[2025-01-23T21:33:01.749-0500][gc,heap     ] GC(9) Humongous regions: 129->129
[2025-01-23T21:33:01.749-0500][gc,metaspace] GC(9) Metaspace: 41902K(42368K)->41902K(42368K) NonClass: 36992K(37248K)->36992K(37248K) Class: 4910K(5120K)->4910K(5120K)
[2025-01-23T21:33:01.749-0500][gc          ] GC(9) Pause Young (Normal) (G1 Evacuation Pause) 194M->148M(1024M) 5.955ms
[2025-01-23T21:33:01.749-0500][gc,cpu      ] GC(9) User=0.02s Sys=0.00s Real=0.00s
[2025-01-23T21:37:36.089-0500][gc,start    ] GC(10) Pause Young (Normal) (G1 Evacuation Pause)
[2025-01-23T21:37:36.089-0500][gc,task     ] GC(10) Using 11 workers of 11 for evacuation
[2025-01-23T21:37:36.095-0500][gc,phases   ] GC(10)   Pre Evacuate Collection Set: 0.62ms
[2025-01-23T21:37:36.095-0500][gc,phases   ] GC(10)   Merge Heap Roots: 0.18ms
[2025-01-23T21:37:36.095-0500][gc,phases   ] GC(10)   Evacuate Collection Set: 4.60ms
[2025-01-23T21:37:36.095-0500][gc,phases   ] GC(10)   Post Evacuate Collection Set: 0.63ms
[2025-01-23T21:37:36.095-0500][gc,phases   ] GC(10)   Other: 0.24ms
[2025-01-23T21:37:36.095-0500][gc,heap     ] GC(10) Eden regions: 48->0(48)
[2025-01-23T21:37:36.095-0500][gc,heap     ] GC(10) Survivor regions: 3->3(7)
[2025-01-23T21:37:36.095-0500][gc,heap     ] GC(10) Old regions: 17->17
[2025-01-23T21:37:36.095-0500][gc,heap     ] GC(10) Humongous regions: 129->129
[2025-01-23T21:37:36.095-0500][gc,metaspace] GC(10) Metaspace: 41930K(42496K)->41930K(42496K) NonClass: 37020K(37376K)->37020K(37376K) Class: 4910K(5120K)->4910K(5120K)
[2025-01-23T21:37:36.095-0500][gc          ] GC(10) Pause Young (Normal) (G1 Evacuation Pause) 196M->148M(1024M) 6.855ms
[2025-01-23T21:37:36.095-0500][gc,cpu      ] GC(10) User=0.02s Sys=0.00s Real=0.01s
[2025-01-23T21:41:32.796-0500][gc,start    ] GC(11) Pause Young (Normal) (G1 Evacuation Pause)
[2025-01-23T21:41:32.796-0500][gc,task     ] GC(11) Using 11 workers of 11 for evacuation
[2025-01-23T21:41:32.797-0500][gc,phases   ] GC(11)   Pre Evacuate Collection Set: 0.23ms
[2025-01-23T21:41:32.797-0500][gc,phases   ] GC(11)   Merge Heap Roots: 0.05ms
[2025-01-23T21:41:32.797-0500][gc,phases   ] GC(11)   Evacuate Collection Set: 0.80ms
[2025-01-23T21:41:32.797-0500][gc,phases   ] GC(11)   Post Evacuate Collection Set: 0.22ms
[2025-01-23T21:41:32.797-0500][gc,phases   ] GC(11)   Other: 0.06ms
[2025-01-23T21:41:32.797-0500][gc,heap     ] GC(11) Eden regions: 48->0(52)
[2025-01-23T21:41:32.797-0500][gc,heap     ] GC(11) Survivor regions: 3->4(7)
[2025-01-23T21:41:32.797-0500][gc,heap     ] GC(11) Old regions: 17->17
[2025-01-23T21:41:32.797-0500][gc,heap     ] GC(11) Humongous regions: 129->129
[2025-01-23T21:41:32.797-0500][gc,metaspace] GC(11) Metaspace: 43010K(43584K)->43010K(43584K) NonClass: 37877K(38208K)->37877K(38208K) Class: 5132K(5376K)->5132K(5376K)
[2025-01-23T21:41:32.797-0500][gc          ] GC(11) Pause Young (Normal) (G1 Evacuation Pause) 196M->148M(1024M) 1.680ms
[2025-01-23T21:41:32.797-0500][gc,cpu      ] GC(11) User=0.01s Sys=0.00s Real=0.00s
[2025-01-23T21:44:13.158-0500][gc,start    ] GC(12) Pause Young (Normal) (G1 Evacuation Pause)
[2025-01-23T21:44:13.158-0500][gc,task     ] GC(12) Using 11 workers of 11 for evacuation
[2025-01-23T21:44:13.168-0500][gc,phases   ] GC(12)   Pre Evacuate Collection Set: 0.71ms
[2025-01-23T21:44:13.168-0500][gc,phases   ] GC(12)   Merge Heap Roots: 0.14ms
[2025-01-23T21:44:13.168-0500][gc,phases   ] GC(12)   Evacuate Collection Set: 8.17ms
[2025-01-23T21:44:13.168-0500][gc,phases   ] GC(12)   Post Evacuate Collection Set: 0.49ms
[2025-01-23T21:44:13.168-0500][gc,phases   ] GC(12)   Other: 0.11ms
[2025-01-23T21:44:13.168-0500][gc,heap     ] GC(12) Eden regions: 52->0(53)
[2025-01-23T21:44:13.168-0500][gc,heap     ] GC(12) Survivor regions: 4->5(7)
[2025-01-23T21:44:13.168-0500][gc,heap     ] GC(12) Old regions: 17->17
[2025-01-23T21:44:13.168-0500][gc,heap     ] GC(12) Humongous regions: 129->129
[2025-01-23T21:44:13.168-0500][gc,metaspace] GC(12) Metaspace: 43686K(44288K)->43686K(44288K) NonClass: 38538K(38912K)->38538K(38912K) Class: 5147K(5376K)->5147K(5376K)
[2025-01-23T21:44:13.168-0500][gc          ] GC(12) Pause Young (Normal) (G1 Evacuation Pause) 200M->149M(1024M) 10.154ms
[2025-01-23T21:44:13.168-0500][gc,cpu      ] GC(12) User=0.02s Sys=0.00s Real=0.01s
[2025-01-23T21:46:42.046-0500][gc,start    ] GC(13) Pause Young (Normal) (G1 Evacuation Pause)
[2025-01-23T21:46:42.046-0500][gc,task     ] GC(13) Using 11 workers of 11 for evacuation
[2025-01-23T21:46:42.053-0500][gc,phases   ] GC(13)   Pre Evacuate Collection Set: 0.33ms
[2025-01-23T21:46:42.053-0500][gc,phases   ] GC(13)   Merge Heap Roots: 0.09ms
[2025-01-23T21:46:42.053-0500][gc,phases   ] GC(13)   Evacuate Collection Set: 5.73ms
[2025-01-23T21:46:42.053-0500][gc,phases   ] GC(13)   Post Evacuate Collection Set: 0.67ms
[2025-01-23T21:46:42.053-0500][gc,phases   ] GC(13)   Other: 0.11ms
[2025-01-23T21:46:42.053-0500][gc,heap     ] GC(13) Eden regions: 53->0(59)
[2025-01-23T21:46:42.053-0500][gc,heap     ] GC(13) Survivor regions: 5->4(8)
[2025-01-23T21:46:42.053-0500][gc,heap     ] GC(13) Old regions: 17->19
[2025-01-23T21:46:42.053-0500][gc,heap     ] GC(13) Humongous regions: 129->129
[2025-01-23T21:46:42.053-0500][gc,metaspace] GC(13) Metaspace: 43726K(44288K)->43726K(44288K) NonClass: 38574K(38912K)->38574K(38912K) Class: 5152K(5376K)->5152K(5376K)
[2025-01-23T21:46:42.053-0500][gc          ] GC(13) Pause Young (Normal) (G1 Evacuation Pause) 202M->150M(1024M) 7.505ms
[2025-01-23T21:46:42.053-0500][gc,cpu      ] GC(13) User=0.03s Sys=0.00s Real=0.01s
[2025-01-23T21:49:31.094-0500][gc,start    ] GC(14) Pause Young (Normal) (G1 Evacuation Pause)
[2025-01-23T21:49:31.094-0500][gc,task     ] GC(14) Using 11 workers of 11 for evacuation
[2025-01-23T21:49:31.102-0500][gc,phases   ] GC(14)   Pre Evacuate Collection Set: 1.09ms
[2025-01-23T21:49:31.102-0500][gc,phases   ] GC(14)   Merge Heap Roots: 0.29ms
[2025-01-23T21:49:31.102-0500][gc,phases   ] GC(14)   Evacuate Collection Set: 5.95ms
[2025-01-23T21:49:31.102-0500][gc,phases   ] GC(14)   Post Evacuate Collection Set: 0.38ms
[2025-01-23T21:49:31.102-0500][gc,phases   ] GC(14)   Other: 0.19ms
[2025-01-23T21:49:31.102-0500][gc,heap     ] GC(14) Eden regions: 59->0(62)
[2025-01-23T21:49:31.102-0500][gc,heap     ] GC(14) Survivor regions: 4->4(8)
[2025-01-23T21:49:31.102-0500][gc,heap     ] GC(14) Old regions: 19->19
[2025-01-23T21:49:31.102-0500][gc,heap     ] GC(14) Humongous regions: 129->129
[2025-01-23T21:49:31.102-0500][gc,metaspace] GC(14) Metaspace: 43756K(44352K)->43756K(44352K) NonClass: 38604K(38976K)->38604K(38976K) Class: 5152K(5376K)->5152K(5376K)
[2025-01-23T21:49:31.102-0500][gc          ] GC(14) Pause Young (Normal) (G1 Evacuation Pause) 209M->150M(1024M) 8.264ms
[2025-01-23T21:49:31.102-0500][gc,cpu      ] GC(14) User=0.03s Sys=0.01s Real=0.01s
[2025-01-23T21:52:41.730-0500][gc,heap,exit] Heap
[2025-01-23T21:52:41.730-0500][gc,heap,exit]  garbage-first heap   total reserved 1048576K, committed 1048576K, used 206857K [0x00000007c0000000, 0x0000000800000000)
[2025-01-23T21:52:41.730-0500][gc,heap,exit]   region size 1024K, 56 young (57344K), 4 survivors (4096K)
[2025-01-23T21:52:41.730-0500][gc,heap,exit]  Metaspace       used 44715K, committed 45312K, reserved 1114112K
[2025-01-23T21:52:41.730-0500][gc,heap,exit]   class space    used 5347K, committed 5568K, reserved 1048576K
