[2025-01-23T21:18:20.544-0500][gc,init] CardTable entry size: 512
[2025-01-23T21:18:20.544-0500][gc     ] Using G1
[2025-01-23T21:18:20.545-0500][gc,init] Version: 23.0.2+7-58 (release)
[2025-01-23T21:18:20.545-0500][gc,init] CPUs: 14 total, 14 available
[2025-01-23T21:18:20.545-0500][gc,init] Memory: 24576M
[2025-01-23T21:18:20.545-0500][gc,init] Large Page Support: Disabled
[2025-01-23T21:18:20.545-0500][gc,init] NUMA Support: Disabled
[2025-01-23T21:18:20.545-0500][gc,init] Compressed Oops: Enabled (Zero based)
[2025-01-23T21:18:20.545-0500][gc,init] Heap Region Size: 1M
[2025-01-23T21:18:20.545-0500][gc,init] Heap Min Capacity: 512M
[2025-01-23T21:18:20.545-0500][gc,init] Heap Initial Capacity: 512M
[2025-01-23T21:18:20.545-0500][gc,init] Heap Max Capacity: 512M
[2025-01-23T21:18:20.545-0500][gc,init] Pre-touch: Disabled
[2025-01-23T21:18:20.545-0500][gc,init] Parallel Workers: 11
[2025-01-23T21:18:20.545-0500][gc,init] Concurrent Workers: 3
[2025-01-23T21:18:20.545-0500][gc,init] Concurrent Refinement Workers: 11
[2025-01-23T21:18:20.545-0500][gc,init] Periodic GC: Disabled
[2025-01-23T21:18:20.547-0500][gc,metaspace] CDS archive(s) mapped at: [0x0000000400000000-0x0000000400d94000-0x0000000400d94000), size 14237696, SharedBaseAddress: 0x0000000400000000, ArchiveRelocationMode: 1.
[2025-01-23T21:18:20.547-0500][gc,metaspace] Compressed class space mapped at: 0x0000000401000000-0x0000000441000000, reserved size: 1073741824
[2025-01-23T21:18:20.547-0500][gc,metaspace] Narrow klass base: 0x0000000400000000, Narrow klass shift: 0, Narrow klass range: 0x100000000
[2025-01-23T21:18:20.833-0500][gc,heap,exit] Heap
[2025-01-23T21:18:20.833-0500][gc,heap,exit]  garbage-first heap   total reserved 524288K, committed 524288K, used 24693K [0x00000007e0000000, 0x0000000800000000)
[2025-01-23T21:18:20.833-0500][gc,heap,exit]   region size 1024K, 23 young (23552K), 0 survivors (0K)
[2025-01-23T21:18:20.833-0500][gc,heap,exit]  Metaspace       used 7525K, committed 7744K, reserved 1114112K
[2025-01-23T21:18:20.833-0500][gc,heap,exit]   class space    used 846K, committed 960K, reserved 1048576K
