[2025-01-23T16:24:22.072-0500][gc,init] CardTable entry size: 512
[2025-01-23T16:24:22.072-0500][gc     ] Using G1
[2025-01-23T16:24:22.073-0500][gc,init] Version: 23.0.2+7-58 (release)
[2025-01-23T16:24:22.073-0500][gc,init] CPUs: 14 total, 14 available
[2025-01-23T16:24:22.073-0500][gc,init] Memory: 24576M
[2025-01-23T16:24:22.073-0500][gc,init] Large Page Support: Disabled
[2025-01-23T16:24:22.073-0500][gc,init] NUMA Support: Disabled
[2025-01-23T16:24:22.073-0500][gc,init] Compressed Oops: Enabled (Zero based)
[2025-01-23T16:24:22.073-0500][gc,init] Heap Region Size: 1M
[2025-01-23T16:24:22.073-0500][gc,init] Heap Min Capacity: 512M
[2025-01-23T16:24:22.073-0500][gc,init] Heap Initial Capacity: 512M
[2025-01-23T16:24:22.073-0500][gc,init] Heap Max Capacity: 512M
[2025-01-23T16:24:22.073-0500][gc,init] Pre-touch: Disabled
[2025-01-23T16:24:22.073-0500][gc,init] Parallel Workers: 11
[2025-01-23T16:24:22.073-0500][gc,init] Concurrent Workers: 3
[2025-01-23T16:24:22.073-0500][gc,init] Concurrent Refinement Workers: 11
[2025-01-23T16:24:22.073-0500][gc,init] Periodic GC: Disabled
[2025-01-23T16:24:22.075-0500][gc,metaspace] CDS archive(s) mapped at: [0x00000fff00000000-0x00000fff00d94000-0x00000fff00d94000), size 14237696, SharedBaseAddress: 0x00000fff00000000, ArchiveRelocationMode: 1.
[2025-01-23T16:24:22.075-0500][gc,metaspace] Compressed class space mapped at: 0x00000fff01000000-0x00000fff41000000, reserved size: 1073741824
[2025-01-23T16:24:22.075-0500][gc,metaspace] Narrow klass base: 0x00000fff00000000, Narrow klass shift: 0, Narrow klass range: 0x100000000
[2025-01-23T16:24:22.411-0500][gc,start    ] GC(0) Pause Young (Normal) (G1 Evacuation Pause)
[2025-01-23T16:24:22.412-0500][gc,task     ] GC(0) Using 11 workers of 11 for evacuation
[2025-01-23T16:24:22.413-0500][gc,phases   ] GC(0)   Pre Evacuate Collection Set: 0.10ms
[2025-01-23T16:24:22.413-0500][gc,phases   ] GC(0)   Merge Heap Roots: 0.05ms
[2025-01-23T16:24:22.413-0500][gc,phases   ] GC(0)   Evacuate Collection Set: 1.40ms
[2025-01-23T16:24:22.413-0500][gc,phases   ] GC(0)   Post Evacuate Collection Set: 0.20ms
[2025-01-23T16:24:22.413-0500][gc,phases   ] GC(0)   Other: 0.23ms
[2025-01-23T16:24:22.413-0500][gc,heap     ] GC(0) Eden regions: 25->0(21)
[2025-01-23T16:24:22.413-0500][gc,heap     ] GC(0) Survivor regions: 0->4(4)
[2025-01-23T16:24:22.413-0500][gc,heap     ] GC(0) Old regions: 2->6
[2025-01-23T16:24:22.413-0500][gc,heap     ] GC(0) Humongous regions: 0->0
[2025-01-23T16:24:22.413-0500][gc,metaspace] GC(0) Metaspace: 7685K(7872K)->7685K(7872K) NonClass: 6827K(6912K)->6827K(6912K) Class: 858K(960K)->858K(960K)
[2025-01-23T16:24:22.413-0500][gc          ] GC(0) Pause Young (Normal) (G1 Evacuation Pause) 26M->9M(512M) 2.066ms
[2025-01-23T16:24:22.413-0500][gc,cpu      ] GC(0) User=0.01s Sys=0.01s Real=0.00s
[2025-01-23T18:52:42.200-0500][gc,heap,exit] Heap
[2025-01-23T18:52:42.200-0500][gc,heap,exit]  garbage-first heap   total reserved 524288K, committed 524288K, used 20660K [0x00000007e0000000, 0x0000000800000000)
[2025-01-23T18:52:42.200-0500][gc,heap,exit]   region size 1024K, 16 young (16384K), 4 survivors (4096K)
[2025-01-23T18:52:42.200-0500][gc,heap,exit]  Metaspace       used 9257K, committed 9408K, reserved 1114112K
[2025-01-23T18:52:42.200-0500][gc,heap,exit]   class space    used 1003K, committed 1088K, reserved 1048576K
